Archive member included because of file (symbol)

contiki-sky.a(deployment.o)   obj_sky/orchestra.o (node_id_from_linkaddr)
contiki-sky.a(contiki-sky-pla)
                              obj_sky/contiki-sky-main.o (init_platform)
contiki-sky.a(button-sensor.o)
                              contiki-sky.a(contiki-sky-pla) (button_sensor)
contiki-sky.a(ds2411.o)       obj_sky/contiki-sky-main.o (ds2411_init)
contiki-sky.a(xmem.o)         obj_sky/contiki-sky-main.o (xmem_init)
contiki-sky.a(sensors.o)      contiki-sky.a(button-sensor.o) (sensors_changed)
contiki-sky.a(cc2420.o)       obj_sky/contiki-sky-main.o (cc2420_set_pan_addr)
contiki-sky.a(cc2420-arch.o)  contiki-sky.a(cc2420.o) (cc2420_arch_init)
contiki-sky.a(cc2420-arch-sfd)
                              contiki-sky.a(cc2420-arch.o) (cc2420_arch_sfd_init)
contiki-sky.a(uart1.o)        obj_sky/contiki-sky-main.o (uart1_active)
contiki-sky.a(msp430.o)       contiki-sky.a(uart1.o) (msp430_add_lpm_req)
contiki-sky.a(clock.o)        obj_sky/contiki-sky-main.o (clock_init)
contiki-sky.a(leds.o)         obj_sky/contiki-sky-main.o (leds_init)
contiki-sky.a(leds-arch.o)    contiki-sky.a(leds.o) (leds_arch_init)
contiki-sky.a(watchdog.o)     obj_sky/contiki-sky-main.o (watchdog_start)
contiki-sky.a(rtimer-arch.o)  obj_sky/contiki-sky-main.o (rtimer_arch_now)
contiki-sky.a(autostart.o)    obj_sky/contiki-sky-main.o (autostart_start)
contiki-sky.a(energest.o)     obj_sky/contiki-sky-main.o (energest_init)
contiki-sky.a(etimer.o)       contiki-sky.a(clock.o) (etimer_request_poll)
contiki-sky.a(ctimer.o)       obj_sky/contiki-sky-main.o (ctimer_init)
contiki-sky.a(process.o)      contiki-sky.a(etimer.o) (process_current)
contiki-sky.a(rtimer.o)       obj_sky/contiki-sky-main.o (rtimer_init)
contiki-sky.a(timer.o)        contiki-sky.a(button-sensor.o) (timer_set)
contiki-sky.a(list.o)         contiki-sky.a(ctimer.o) (list_init)
contiki-sky.a(memb.o)         obj_sky/orchestra.o (memb_init)
contiki-sky.a(random.o)       obj_sky/contiki-sky-main.o (random_init)
contiki-sky.a(uip-ds6.o)      app-rpl-collect-only.co (uip_ds6_is_addr_onlink)
contiki-sky.a(uip-ds6-route.o)
                              contiki-sky.a(uip-ds6.o) (uip_ds6_route_init)
contiki-sky.a(uip6.o)         obj_sky/contiki-sky-main.o (uip_lladdr)
contiki-sky.a(uip-ds6-nbr.o)  contiki-sky.a(uip-ds6.o) (uip_ds6_neighbors_init)
contiki-sky.a(uip-nd6.o)      contiki-sky.a(uip6.o) (uip_nd6_init)
contiki-sky.a(sicslowpan.o)   obj_sky/orchestra.o (rime_sniffer_add)
contiki-sky.a(tcpip.o)        contiki-sky.a(sicslowpan.o) (tcpip_set_outputfunc)
contiki-sky.a(simple-udp.o)   app-rpl-collect-only.co (simple_udp_sendto)
contiki-sky.a(rpl-dag.o)      contiki-sky.a(deployment.o) (rpl_set_prefix)
contiki-sky.a(rpl-timers.o)   contiki-sky.a(rpl-dag.o) (rpl_reset_dio_timer)
contiki-sky.a(rpl-ext-header.)
                              contiki-sky.a(uip6.o) (rpl_verify_header)
contiki-sky.a(rpl.o)          contiki-sky.a(rpl-timers.o) (rpl_purge_routes)
contiki-sky.a(rpl-of-etx-exp.)
                              contiki-sky.a(rpl-dag.o) (rpl_of_etx_exp)
contiki-sky.a(nordc.o)        obj_sky/contiki-sky-main.o (nordc_driver)
contiki-sky.a(framer-802154.o)
                              contiki-sky.a(sicslowpan.o) (framer_802154)
contiki-sky.a(frame802154.o)  contiki-sky.a(framer-802154.o) (frame802154_hdrlen)
contiki-sky.a(framer.o)       contiki-sky.a(framer-802154.o) (framer_canonical_create_and_secure)
contiki-sky.a(queuebuf.o)     obj_sky/contiki-sky-main.o (queuebuf_init)
contiki-sky.a(nbr-table.o)    contiki-sky.a(uip-ds6-nbr.o) (nbr_table_register)
contiki-sky.a(packetbuf.o)    contiki-sky.a(queuebuf.o) (packetbuf_copyto_hdr)
contiki-sky.a(linkaddr.o)     obj_sky/orchestra.o (linkaddr_copy)
contiki-sky.a(tsch-schedule.o)
                              obj_sky/orchestra.o (tsch_schedule_add_slotframe)
contiki-sky.a(tsch-rpl.o)     obj_sky/orchestra.o (tsch_rpl_callback_joining_network)
contiki-sky.a(tsch.o)         obj_sky/orchestra.o (current_asn)
contiki-sky.a(nullsec.o)      obj_sky/contiki-sky-main.o (nullsec_driver)
contiki-sky.a(spi.o)          contiki-sky.a(xmem.o) (spi_init)
contiki-sky.a(stimer.o)       contiki-sky.a(uip-ds6.o) (stimer_set)
contiki-sky.a(ringbufindex.o)
                              contiki-sky.a(tsch.o) (ringbufindex_init)
contiki-sky.a(uip-icmp6.o)    contiki-sky.a(uip6.o) (uip_icmp6_input)
contiki-sky.a(uip-udp-packet.)
                              contiki-sky.a(simple-udp.o) (uip_udp_packet_sendto)
contiki-sky.a(rpl-icmp6.o)    contiki-sky.a(rpl-dag.o) (dio_output)
contiki-sky.a(mac.o)          contiki-sky.a(tsch.o) (mac_call_sent_callback)
contiki-sky.a(tsch-queue.o)   contiki-sky.a(tsch.o) (tsch_queue_get_nbr)
contiki-sky.a(tsch-packet.o)  contiki-sky.a(tsch.o) (tsch_packet_parse_sync_ack)
contiki-sky.a(uip-debug.o)    contiki-sky.a(tsch-queue.o) (uip_debug_lladdr_print)
/usr/lib/gcc/msp430/4.6.3/mmpy-16/libgcc.a(_mulsi3.o)
[...]
Memory Configuration

Name             Origin             Length             Attributes
sfr              0x0000000000000000 0x0000000000000010
peripheral_8bit  0x0000000000000010 0x00000000000000f0
peripheral_16bit 0x0000000000000100 0x0000000000000100
ram_mirror       0x0000000000000200 0x0000000000000800 xw
infomem          0x0000000000001000 0x0000000000000100
infob            0x0000000000001000 0x0000000000000080
infoa            0x0000000000001080 0x0000000000000080
ram              0x0000000000001100 0x0000000000002800 xw
rom              0x0000000000004000 0x000000000000bfe0 xr
vectors          0x000000000000ffe0 0x0000000000000020
bsl              0x0000000000000000 0x0000000000000000
infoc            0x0000000000000000 0x0000000000000000
infod            0x0000000000000000 0x0000000000000000
ram2             0x0000000000000000 0x0000000000000000 xw
usbram           0x0000000000000000 0x0000000000000000 xw
far_rom          0x0000000000000000 0x0000000000000000
*default*        0x0000000000000000 0xffffffffffffffff

Linker script and memory map

LOAD /usr/lib/gcc/msp430/4.6.3/mmpy-16/crt0ivtbl16.o
LOAD app-rpl-collect-only.co
LOAD obj_sky/node-id.o
LOAD obj_sky/orchestra.o
LOAD obj_sky/uart1-putchar.o
LOAD obj_sky/contiki-sky-main.o
LOAD contiki-sky.a
LOAD /usr/lib/gcc/msp430/4.6.3/mmpy-16/libgcc.a
LOAD /usr/lib/gcc/msp430/4.6.3/../../../../msp430/lib/mmpy-16/libc.a
LOAD /usr/lib/gcc/msp430/4.6.3/mmpy-16/libgcc.a
LOAD /usr/lib/gcc/msp430/4.6.3/mmpy-16/libcrt0.a
                0x0000000000000080                PROVIDE (__info_segment_size, 0x80)
                0x0000000000001000                PROVIDE (__infob, 0x1000)
                0x0000000000001080                PROVIDE (__infoa, 0x1080)
                0x0000000000000000                __IE1 = 0x0
                0x0000000000000002                __IFG1 = 0x2
                0x0000000000000004                __ME1 = 0x4
                0x0000000000000001                __IE2 = 0x1
                0x0000000000000003                __IFG2 = 0x3
                0x0000000000000005                __ME2 = 0x5
                0x0000000000000120                __WDTCTL = 0x120
                0x0000000000000130                __MPY = 0x130
                0x0000000000000132                __MPYS = 0x132
                0x0000000000000134                __MAC = 0x134
                0x0000000000000136                __MACS = 0x136
                0x0000000000000138                __OP2 = 0x138
                0x000000000000013a                __RESLO = 0x13a
                0x000000000000013c                __RESHI = 0x13c
                0x000000000000013e                __SUMEXT = 0x13e
                0x0000000000000020                __P1IN = 0x20
                0x0000000000000021                __P1OUT = 0x21
                0x0000000000000022                __P1DIR = 0x22
                0x0000000000000023                __P1IFG = 0x23
                0x0000000000000024                __P1IES = 0x24
                0x0000000000000025                __P1IE = 0x25
                0x0000000000000026                __P1SEL = 0x26
                0x0000000000000028                __P2IN = 0x28
                0x0000000000000029                __P2OUT = 0x29
                0x000000000000002a                __P2DIR = 0x2a
                0x000000000000002b                __P2IFG = 0x2b
                0x000000000000002c                __P2IES = 0x2c
                0x000000000000002d                __P2IE = 0x2d
                0x000000000000002e                __P2SEL = 0x2e
                0x0000000000000018                __P3IN = 0x18
                0x0000000000000019                __P3OUT = 0x19
                0x000000000000001a                __P3DIR = 0x1a
                0x000000000000001b                __P3SEL = 0x1b
                0x000000000000001c                __P4IN = 0x1c
                0x000000000000001d                __P4OUT = 0x1d
                0x000000000000001e                __P4DIR = 0x1e
                0x000000000000001f                __P4SEL = 0x1f
                0x0000000000000030                __P5IN = 0x30
                0x0000000000000031                __P5OUT = 0x31
                0x0000000000000032                __P5DIR = 0x32
                0x0000000000000033                __P5SEL = 0x33
                0x0000000000000034                __P6IN = 0x34
                0x0000000000000035                __P6OUT = 0x35
                0x0000000000000036                __P6DIR = 0x36
                0x0000000000000037                __P6SEL = 0x37
                0x0000000000000070                __U0CTL = 0x70
                0x0000000000000071                __U0TCTL = 0x71
                0x0000000000000072                __U0RCTL = 0x72
                0x0000000000000073                __U0MCTL = 0x73
                0x0000000000000074                __U0BR0 = 0x74
                0x0000000000000075                __U0BR1 = 0x75
                0x0000000000000076                __U0RXBUF = 0x76
                0x0000000000000077                __U0TXBUF = 0x77
                0x0000000000000078                __U1CTL = 0x78
                0x0000000000000079                __U1TCTL = 0x79
                0x000000000000007a                __U1RCTL = 0x7a
                0x000000000000007b                __U1MCTL = 0x7b
                0x000000000000007c                __U1BR0 = 0x7c
                0x000000000000007d                __U1BR1 = 0x7d
                0x000000000000007e                __U1RXBUF = 0x7e
                0x000000000000007f                __U1TXBUF = 0x7f
                0x0000000000000050                __I2CIE = 0x50
                0x0000000000000051                __I2CIFG = 0x51
                0x0000000000000052                __I2CNDAT = 0x52
                0x0000000000000071                __I2CTCTL = 0x71
                0x0000000000000072                __I2CDCTL = 0x72
                0x0000000000000073                __I2CPSC = 0x73
                0x0000000000000074                __I2CSCLH = 0x74
                0x0000000000000075                __I2CSCLL = 0x75
                0x0000000000000076                __I2CDRB = 0x76
                0x0000000000000076                __I2CDRW = 0x76
                0x0000000000000118                __I2COA = 0x118
                0x000000000000011a                __I2CSA = 0x11a
                0x000000000000011c                __I2CIV = 0x11c
                0x000000000000012e                __TAIV = 0x12e
                0x0000000000000160                __TACTL = 0x160
                0x0000000000000162                __TACCTL0 = 0x162
                0x0000000000000164                __TACCTL1 = 0x164
                0x0000000000000166                __TACCTL2 = 0x166
                0x0000000000000170                __TAR = 0x170
                0x0000000000000172                __TACCR0 = 0x172
                0x0000000000000174                __TACCR1 = 0x174
                0x0000000000000176                __TACCR2 = 0x176
                0x000000000000011e                __TBIV = 0x11e
                0x0000000000000180                __TBCTL = 0x180
                0x0000000000000182                __TBCCTL0 = 0x182
                0x0000000000000184                __TBCCTL1 = 0x184
                0x0000000000000186                __TBCCTL2 = 0x186
                0x0000000000000188                __TBCCTL3 = 0x188
                0x000000000000018a                __TBCCTL4 = 0x18a
                0x000000000000018c                __TBCCTL5 = 0x18c
                0x000000000000018e                __TBCCTL6 = 0x18e
                0x0000000000000190                __TBR = 0x190
                0x0000000000000192                __TBCCR0 = 0x192
                0x0000000000000194                __TBCCR1 = 0x194
                0x0000000000000196                __TBCCR2 = 0x196
                0x0000000000000198                __TBCCR3 = 0x198
                0x000000000000019a                __TBCCR4 = 0x19a
                0x000000000000019c                __TBCCR5 = 0x19c
                0x000000000000019e                __TBCCR6 = 0x19e
                0x0000000000000056                __DCOCTL = 0x56
                0x0000000000000057                __BCSCTL1 = 0x57
                0x0000000000000058                __BCSCTL2 = 0x58
                0x0000000000000055                __SVSCTL = 0x55
                0x0000000000000128                __FCTL1 = 0x128
                0x000000000000012a                __FCTL2 = 0x12a
                0x000000000000012c                __FCTL3 = 0x12c
                0x0000000000000059                __CACTL1 = 0x59
                0x000000000000005a                __CACTL2 = 0x5a
                0x000000000000005b                __CAPD = 0x5b
                0x00000000000001a0                __ADC12CTL0 = 0x1a0
                0x00000000000001a2                __ADC12CTL1 = 0x1a2
                0x00000000000001a4                __ADC12IFG = 0x1a4
                0x00000000000001a6                __ADC12IE = 0x1a6
                0x00000000000001a8                __ADC12IV = 0x1a8
                0x0000000000000140                __ADC12MEM0 = 0x140
                0x0000000000000142                __ADC12MEM1 = 0x142
                0x0000000000000144                __ADC12MEM2 = 0x144
                0x0000000000000146                __ADC12MEM3 = 0x146
                0x0000000000000148                __ADC12MEM4 = 0x148
                0x000000000000014a                __ADC12MEM5 = 0x14a
                0x000000000000014c                __ADC12MEM6 = 0x14c
                0x000000000000014e                __ADC12MEM7 = 0x14e
                0x0000000000000150                __ADC12MEM8 = 0x150
                0x0000000000000152                __ADC12MEM9 = 0x152
                0x0000000000000154                __ADC12MEM10 = 0x154
                0x0000000000000156                __ADC12MEM11 = 0x156
                0x0000000000000158                __ADC12MEM12 = 0x158
                0x000000000000015a                __ADC12MEM13 = 0x15a
                0x000000000000015c                __ADC12MEM14 = 0x15c
                0x000000000000015e                __ADC12MEM15 = 0x15e
                0x0000000000000080                __ADC12MCTL0 = 0x80
                0x0000000000000081                __ADC12MCTL1 = 0x81
                0x0000000000000082                __ADC12MCTL2 = 0x82
                0x0000000000000083                __ADC12MCTL3 = 0x83
                0x0000000000000084                __ADC12MCTL4 = 0x84
                0x0000000000000085                __ADC12MCTL5 = 0x85
                0x0000000000000086                __ADC12MCTL6 = 0x86
                0x0000000000000087                __ADC12MCTL7 = 0x87
                0x0000000000000088                __ADC12MCTL8 = 0x88
                0x0000000000000089                __ADC12MCTL9 = 0x89
                0x000000000000008a                __ADC12MCTL10 = 0x8a
                0x000000000000008b                __ADC12MCTL11 = 0x8b
                0x000000000000008c                __ADC12MCTL12 = 0x8c
                0x000000000000008d                __ADC12MCTL13 = 0x8d
                0x000000000000008e                __ADC12MCTL14 = 0x8e
                0x000000000000008f                __ADC12MCTL15 = 0x8f
                0x00000000000001c0                __DAC12_0CTL = 0x1c0
                0x00000000000001c2                __DAC12_1CTL = 0x1c2
                0x00000000000001c8                __DAC12_0DAT = 0x1c8
                0x00000000000001ca                __DAC12_1DAT = 0x1ca
                0x0000000000000122                __DMACTL0 = 0x122
                0x0000000000000124                __DMACTL1 = 0x124
                0x00000000000001e0                __DMA0CTL = 0x1e0
                0x00000000000001e8                __DMA1CTL = 0x1e8
                0x00000000000001f0                __DMA2CTL = 0x1f0
                0x00000000000001e2                __DMA0SA = 0x1e2
                0x00000000000001e4                __DMA0DA = 0x1e4
                0x00000000000001e6                __DMA0SZ = 0x1e6
                0x00000000000001ea                __DMA1SA = 0x1ea
                0x00000000000001ec                __DMA1DA = 0x1ec
                0x00000000000001ee                __DMA1SZ = 0x1ee
                0x00000000000001f2                __DMA2SA = 0x1f2
                0x00000000000001f4                __DMA2DA = 0x1f4
                0x00000000000001f6                __DMA2SZ = 0x1f6

.hash
 *(.hash)

.dynsym
 *(.dynsym)

.dynstr
 *(.dynstr)

.gnu.version
 *(.gnu.version)

.gnu.version_d
 *(.gnu.version_d)

.gnu.version_r
 *(.gnu.version_r)

.rel.init
 *(.rel.init)

.rela.init
 *(.rela.init)

.rel.fini
 *(.rel.fini)

.rela.fini
 *(.rela.fini)

.rel.text
 *(.rel.text .rel.text.* .rel.gnu.linkonce.t.*)

.rela.text
 *(.rela.text .rela.text.* .rela.gnu.linkonce.t.*)

.rel.rodata
 *(.rel.rodata .rel.rodata.* .rel.gnu.linkonce.r.*)

.rela.rodata
 *(.rela.rodata .rela.rodata.* .rela.gnu.linkonce.r.*)

.rel.data
 *(.rel.data .rel.data.* .rel.gnu.linkonce.d.*)

.rela.data
 *(.rela.data .rela.data.* .rela.gnu.linkonce.d.*)

.rel.bss
 *(.rel.bss .rel.bss.* .rel.gnu.linkonce.b.*)

.rela.bss
 *(.rela.bss .rela.bss.* .rela.gnu.linkonce.b.*)

.rel.ctors
 *(.rel.ctors)

.rela.ctors
 *(.rela.ctors)

.rel.dtors
 *(.rel.dtors)

.rela.dtors
 *(.rela.dtors)

.rel.got
 *(.rel.got)

.rela.got
 *(.rela.got)

.rel.plt
 *(.rel.plt)

.rela.plt
 *(.rela.plt)

.text           0x0000000000004000     0xb084
                0x0000000000004000                . = ALIGN (0x2)
 *(.init .init.*)
 *(.init0)
 .init0         0x0000000000004000        0x0 /usr/lib/gcc/msp430/4.6.3/mmpy-16/libcrt0.a(_reset_vector__.o)
                0x0000000000004000                _reset_vector__
 *(.init1)
 .init1         0x0000000000004000        0xc /usr/lib/gcc/msp430/4.6.3/mmpy-16/libcrt0.a(__watchdog_support.o)
                0x0000000000004000                __watchdog_support
 *(.init2)
 .init2         0x000000000000400c        0x4 /usr/lib/gcc/msp430/4.6.3/mmpy-16/libcrt0.a(__init_stack.o)
                0x000000000000400c                __init_stack
 *(.init3)
 .init3         0x0000000000004010        0x0 /usr/lib/gcc/msp430/4.6.3/mmpy-16/libcrt0.a(__low_level_init.o)
                0x0000000000004010                __low_level_init
 *(.init4)
 .init4         0x0000000000004010       0x18 /usr/lib/gcc/msp430/4.6.3/mmpy-16/libcrt0.a(_copy_data.o)
                0x0000000000004010                __do_copy_data
 .init4         0x0000000000004028       0x16 /usr/lib/gcc/msp430/4.6.3/mmpy-16/libcrt0.a(_clear_bss.o)
                0x0000000000004028                __do_clear_bss
 *(.init5)
 *(.init6)
 *(.init7)
 *(.init8)
 *(.init9)
 .init9         0x000000000000403e      0x1d6 obj_sky/contiki-sky-main.o
                0x000000000000403e                main
 *(.fini9)
 .fini9         0x0000000000004214        0x0 /usr/lib/gcc/msp430/4.6.3/mmpy-16/libcrt0.a(__stop_progExec__.o)
                0x0000000000004214                __stop_progExec__
 *(.fini8)
 *(.fini7)
 *(.fini6)
 *(.fini5)
 *(.fini4)
 *(.fini3)
 *(.fini2)
 *(.fini1)
 *(.fini0)
 .fini0         0x0000000000004214        0x6 /usr/lib/gcc/msp430/4.6.3/mmpy-16/libcrt0.a(_endless_loop__.o)
                0x0000000000004214                _endless_loop__
 *(.fini .fini.*)
                0x000000000000421a                . = ALIGN (0x2)
                0x000000000000421a                __ctors_start = .
 *(.ctors)
                0x000000000000421a                __ctors_end = .
                0x000000000000421a                __dtors_start = .
 *(.dtors)
                0x000000000000421a                __dtors_end = .
                0x000000000000421a                . = ALIGN (0x2)
 *(.text .text.* .gnu.linkonce.t.*)
 .text          0x000000000000421a        0x4 /usr/lib/gcc/msp430/4.6.3/mmpy-16/crt0ivtbl16.o
                0x000000000000421a                __isr_14
                0x000000000000421a                __isr_11
                0x000000000000421a                __isr_2
                0x000000000000421a                __isr_7
                0x000000000000421a                __isr_0
                0x000000000000421a                __isr_8
                0x000000000000421a                __isr_3
                0x000000000000421a                __isr_13
                0x000000000000421a                __isr_9
 .text.receiver
                0x000000000000421e        0x2 app-rpl-collect-only.co
 .text.can_send_to
                0x0000000000004220       0x1c app-rpl-collect-only.co
                0x0000000000004220                can_send_to
 .text.app_send_to
                0x000000000000423c       0xac app-rpl-collect-only.co
                0x000000000000423c                app_send_to
 .text.process_thread_unicast_sender_process
                0x00000000000042e8      0x154 app-rpl-collect-only.co
 .text.node_id_restore
                0x000000000000443c        0xa obj_sky/node-id.o
                0x000000000000443c                node_id_restore
 .text.orchestra_delete_old_links_sf
                0x0000000000004446       0xde obj_sky/orchestra.o
 .text.orchestra_delete_old_links
                0x0000000000004524       0x12 obj_sky/orchestra.o
 .text.orchestra_callback_joining_network_sf
                0x0000000000004536       0x34 obj_sky/orchestra.o
 .text.orchestra_packet_sent
                0x000000000000456a       0xce obj_sky/orchestra.o
 .text.orchestra_packet_received
                0x0000000000004638       0xd4 obj_sky/orchestra.o
 .text.orchestra_callback_joining_network
                0x000000000000470c       0x16 obj_sky/orchestra.o
                0x000000000000470c                orchestra_callback_joining_network
 .text.orchestra_callback_new_time_source
                0x0000000000004722       0x1e obj_sky/orchestra.o
                0x0000000000004722                orchestra_callback_new_time_source
 .text.dataflow_init
                0x0000000000004740      0x130 obj_sky/orchestra.o
                0x0000000000004740                dataflow_init
 .text.add_downlink
                0x0000000000004870       0xa0 obj_sky/orchestra.o
                0x0000000000004870                add_downlink
 .text.orchestra_init
                0x0000000000004910       0x78 obj_sky/orchestra.o
                0x0000000000004910                orchestra_init
 .text.putchar  0x0000000000004988       0x10 obj_sky/uart1-putchar.o
                0x0000000000004988                putchar
 .text.start_network_layer
                0x0000000000004998       0x18 obj_sky/contiki-sky-main.o
 .text.node_id_from_linkaddr
                0x00000000000049b0       0x26 contiki-sky.a(deployment.o)
                0x00000000000049b0                node_id_from_linkaddr
 .text.get_node_id
                0x00000000000049d6        0xa contiki-sky.a(deployment.o)
                0x00000000000049d6                get_node_id
 .text.get_node_index_from_id
                0x00000000000049e0       0x64 contiki-sky.a(deployment.o)
                0x00000000000049e0                get_node_index_from_id
 .text.set_linkaddr_from_id
                0x0000000000004a44       0x28 contiki-sky.a(deployment.o)
                0x0000000000004a44                set_linkaddr_from_id
 .text.set_ipaddr_from_id
                0x0000000000004a6c       0x2c contiki-sky.a(deployment.o)
                0x0000000000004a6c                set_ipaddr_from_id
 .text.deployment_init
                0x0000000000004a98       0xca contiki-sky.a(deployment.o)
                0x0000000000004a98                deployment_init
 .text.init_platform
                0x0000000000004b62        0xc contiki-sky.a(contiki-sky-pla)
                0x0000000000004b62                init_platform
 .text.status   0x0000000000004b6e       0x16 contiki-sky.a(button-sensor.o)
 .text.configure
                0x0000000000004b84       0x52 contiki-sky.a(button-sensor.o)
 .text.value    0x0000000000004bd6       0x22 contiki-sky.a(button-sensor.o)
 .text.irq_p2   0x0000000000004bf8       0x8a contiki-sky.a(button-sensor.o)
                0x0000000000004bf8                irq_p2
                0x0000000000004bf8                __isr_1
 .text.owreadb  0x0000000000004c82       0x52 contiki-sky.a(ds2411.o)
 .text.ds2411_init
                0x0000000000004cd4      0x122 contiki-sky.a(ds2411.o)
                0x0000000000004cd4                ds2411_init
 .text.xmem_init
                0x0000000000004df6       0x3e contiki-sky.a(xmem.o)
                0x0000000000004df6                xmem_init
 .text.process_thread_sensors_process
                0x0000000000004e34       0xbe contiki-sky.a(sensors.o)
 .text.sensors_changed
                0x0000000000004ef2       0x2a contiki-sky.a(sensors.o)
                0x0000000000004ef2                sensors_changed
 .text.get_object
                0x0000000000004f1c        0x4 contiki-sky.a(cc2420.o)
 .text.set_object
                0x0000000000004f20        0x4 contiki-sky.a(cc2420.o)
 .text.strobe   0x0000000000004f24       0x20 contiki-sky.a(cc2420.o)
 .text.status   0x0000000000004f44       0x26 contiki-sky.a(cc2420.o)
 .text.getreg   0x0000000000004f6a       0x54 contiki-sky.a(cc2420.o)
 .text.setreg   0x0000000000004fbe       0x52 contiki-sky.a(cc2420.o)
 .text.write_ram
                0x0000000000005010       0x80 contiki-sky.a(cc2420.o)
 .text.write_fifo_buf
                0x0000000000005090       0x40 contiki-sky.a(cc2420.o)
 .text.get_status
                0x00000000000050d0       0x24 contiki-sky.a(cc2420.o)
 .text.cc2420_receiving_packet
                0x00000000000050f4        0xe contiki-sky.a(cc2420.o)
 .text.pending_packet
                0x0000000000005102        0x8 contiki-sky.a(cc2420.o)
 .text.on       0x000000000000510a       0x26 contiki-sky.a(cc2420.o)
 .text.wait_for_transmission
                0x0000000000005130       0x22 contiki-sky.a(cc2420.o)
 .text.wait_for_status
                0x0000000000005152       0x2a contiki-sky.a(cc2420.o)
 .text.getrxdata
                0x000000000000517c       0x56 contiki-sky.a(cc2420.o)
 .text.flushrx  0x00000000000051d2       0x1a contiki-sky.a(cc2420.o)
 .text.off      0x00000000000051ec       0x62 contiki-sky.a(cc2420.o)
 .text.RELEASE_LOCK
                0x000000000000524e       0x28 contiki-sky.a(cc2420.o)
 .text.set_key  0x0000000000005276       0x18 contiki-sky.a(cc2420.o)
 .text.cc2420_prepare
                0x000000000000528e       0x3c contiki-sky.a(cc2420.o)
 .text.cc2420_on
                0x00000000000052ca       0x22 contiki-sky.a(cc2420.o)
                0x00000000000052ca                cc2420_on
 .text.cc2420_transmit
                0x00000000000052ec       0xc8 contiki-sky.a(cc2420.o)
 .text.cc2420_send
                0x00000000000053b4       0x12 contiki-sky.a(cc2420.o)
 .text.cc2420_off
                0x00000000000053c6       0x30 contiki-sky.a(cc2420.o)
                0x00000000000053c6                cc2420_off
 .text.cc2420_cca
                0x00000000000053f6       0x5e contiki-sky.a(cc2420.o)
 .text.cc2420_read
                0x0000000000005454       0xbc contiki-sky.a(cc2420.o)
 .text.process_thread_cc2420_process
                0x0000000000005510       0x52 contiki-sky.a(cc2420.o)
 .text.encrypt  0x0000000000005562       0x8e contiki-sky.a(cc2420.o)
 .text.cc2420_set_channel
                0x00000000000055f0       0x3c contiki-sky.a(cc2420.o)
                0x00000000000055f0                cc2420_set_channel
 .text.cc2420_set_pan_addr
                0x000000000000562c       0x4c contiki-sky.a(cc2420.o)
                0x000000000000562c                cc2420_set_pan_addr
 .text.cc2420_interrupt
                0x0000000000005678       0x18 contiki-sky.a(cc2420.o)
                0x0000000000005678                cc2420_interrupt
 .text.cc2420_set_txpower
                0x0000000000005690       0x2e contiki-sky.a(cc2420.o)
                0x0000000000005690                cc2420_set_txpower
 .text.set_value
                0x00000000000056be       0x78 contiki-sky.a(cc2420.o)
 .text.cc2420_get_txpower
                0x0000000000005736       0x1e contiki-sky.a(cc2420.o)
                0x0000000000005736                cc2420_get_txpower
 .text.cc2420_rssi
                0x0000000000005754       0x4c contiki-sky.a(cc2420.o)
                0x0000000000005754                cc2420_rssi
 .text.get_value
                0x00000000000057a0       0x8a contiki-sky.a(cc2420.o)
 .text.cc2420_set_cca_threshold
                0x000000000000582a       0x16 contiki-sky.a(cc2420.o)
                0x000000000000582a                cc2420_set_cca_threshold
 .text.cc2420_sfd_sync
                0x0000000000005840       0x48 contiki-sky.a(cc2420.o)
                0x0000000000005840                cc2420_sfd_sync
 .text.cc2420_read_sfd_timer
                0x0000000000005888        0x6 contiki-sky.a(cc2420.o)
                0x0000000000005888                cc2420_read_sfd_timer
 .text.cc2420_address_decode
                0x000000000000588e       0x74 contiki-sky.a(cc2420.o)
                0x000000000000588e                cc2420_address_decode
 .text.cc2420_set_interrupt_enable
                0x0000000000005902       0x4a contiki-sky.a(cc2420.o)
                0x0000000000005902                cc2420_set_interrupt_enable
 .text.cc2420_init
                0x000000000000594c      0x122 contiki-sky.a(cc2420.o)
                0x000000000000594c                cc2420_init
 .text.cc2420_port1_interrupt
                0x0000000000005a6e       0x62 contiki-sky.a(cc2420-arch.o)
                0x0000000000005a6e                __isr_4
                0x0000000000005a6e                cc2420_port1_interrupt
 .text.cc2420_arch_init
                0x0000000000005ad0       0x1e contiki-sky.a(cc2420-arch.o)
                0x0000000000005ad0                cc2420_arch_init
 .text.cc2420_timerb1_interrupt
                0x0000000000005aee       0x70 contiki-sky.a(cc2420-arch-sfd)
                0x0000000000005aee                cc2420_timerb1_interrupt
                0x0000000000005aee                __isr_12
 .text.cc2420_arch_sfd_init
                0x0000000000005b5e       0x26 contiki-sky.a(cc2420-arch-sfd)
                0x0000000000005b5e                cc2420_arch_sfd_init
 .text.uart1_active
                0x0000000000005b84       0x1a contiki-sky.a(uart1.o)
                0x0000000000005b84                uart1_active
 .text.uart1_writeb
                0x0000000000005b9e       0x1a contiki-sky.a(uart1.o)
                0x0000000000005b9e                uart1_writeb
 .text.uart1_init
                0x0000000000005bb8       0xf6 contiki-sky.a(uart1.o)
                0x0000000000005bb8                uart1_init
 .text.msp430_init_dco
                0x0000000000005cae       0x84 contiki-sky.a(msp430.o)
                0x0000000000005cae                msp430_init_dco
 .text.msp430_add_lpm_req
                0x0000000000005d32        0xc contiki-sky.a(msp430.o)
                0x0000000000005d32                msp430_add_lpm_req
 .text.msp430_cpu_init
                0x0000000000005d3e       0x2a contiki-sky.a(msp430.o)
                0x0000000000005d3e                msp430_cpu_init
 .text.splhigh_
                0x0000000000005d68        0x8 contiki-sky.a(msp430.o)
                0x0000000000005d68                splhigh_
 .text.timera1  0x0000000000005d70      0x11e contiki-sky.a(clock.o)
                0x0000000000005d70                __isr_5
                0x0000000000005d70                timera1
 .text.clock_time
                0x0000000000005e8e       0x1a contiki-sky.a(clock.o)
                0x0000000000005e8e                clock_time
 .text.clock_init
                0x0000000000005ea8       0x28 contiki-sky.a(clock.o)
                0x0000000000005ea8                clock_init
 .text.clock_delay
                0x0000000000005ed0        0xc contiki-sky.a(clock.o)
                0x0000000000005ed0                clock_delay
 .text.clock_seconds
                0x0000000000005edc       0x1a contiki-sky.a(clock.o)
                0x0000000000005edc                clock_seconds
 .text.show_leds
                0x0000000000005ef6       0xf6 contiki-sky.a(leds.o)
 .text.leds_init
                0x0000000000005fec        0xa contiki-sky.a(leds.o)
                0x0000000000005fec                leds_init
 .text.leds_on  0x0000000000005ff6        0xa contiki-sky.a(leds.o)
                0x0000000000005ff6                leds_on
 .text.leds_off
                0x0000000000006000        0xe contiki-sky.a(leds.o)
                0x0000000000006000                leds_off
 .text.leds_toggle
                0x000000000000600e        0xa contiki-sky.a(leds.o)
                0x000000000000600e                leds_toggle
 .text.leds_blink
                0x0000000000006018       0x20 contiki-sky.a(leds.o)
                0x0000000000006018                leds_blink
 .text.leds_arch_init
                0x0000000000006038        0xe contiki-sky.a(leds-arch.o)
                0x0000000000006038                leds_arch_init
 .text.leds_arch_set
                0x0000000000006046       0x3a contiki-sky.a(leds-arch.o)
                0x0000000000006046                leds_arch_set
 .text.printstring
                0x0000000000006080       0x18 contiki-sky.a(watchdog.o)
 .text.hexprint
                0x0000000000006098       0x52 contiki-sky.a(watchdog.o)
 .text.watchdog_interrupt
                0x00000000000060ea       0x90 contiki-sky.a(watchdog.o)
                0x00000000000060ea                __isr_10
                0x00000000000060ea                watchdog_interrupt
 .text.watchdog_start
                0x000000000000617a       0x14 contiki-sky.a(watchdog.o)
                0x000000000000617a                watchdog_start
 .text.watchdog_periodic
                0x000000000000618e       0x12 contiki-sky.a(watchdog.o)
                0x000000000000618e                watchdog_periodic
 .text.watchdog_stop
                0x00000000000061a0       0x16 contiki-sky.a(watchdog.o)
                0x00000000000061a0                watchdog_stop
 .text.watchdog_init
                0x00000000000061b6       0x14 contiki-sky.a(watchdog.o)
                0x00000000000061b6                watchdog_init
 .text.rtimer_arch_init
                0x00000000000061ca        0xe contiki-sky.a(rtimer-arch.o)
                0x00000000000061ca                rtimer_arch_init
 .text.rtimer_arch_now
                0x00000000000061d8        0xe contiki-sky.a(rtimer-arch.o)
                0x00000000000061d8                rtimer_arch_now
 .text.timera0  0x00000000000061e6       0x7c contiki-sky.a(rtimer-arch.o)
                0x00000000000061e6                __isr_6
                0x00000000000061e6                timera0
 .text.rtimer_arch_schedule
                0x0000000000006262        0x6 contiki-sky.a(rtimer-arch.o)
                0x0000000000006262                rtimer_arch_schedule
 .text.autostart_start
                0x0000000000006268       0x16 contiki-sky.a(autostart.o)
                0x0000000000006268                autostart_start
 .text.energest_init
                0x000000000000627e       0x28 contiki-sky.a(energest.o)
                0x000000000000627e                energest_init
 .text.energest_type_time
                0x00000000000062a6       0x46 contiki-sky.a(energest.o)
                0x00000000000062a6                energest_type_time
 .text.energest_type_set
                0x00000000000062ec        0xe contiki-sky.a(energest.o)
                0x00000000000062ec                energest_type_set
 .text.energest_flush
                0x00000000000062fa       0x48 contiki-sky.a(energest.o)
                0x00000000000062fa                energest_flush
 .text.update_time
                0x0000000000006342       0x78 contiki-sky.a(etimer.o)
 .text.etimer_request_poll
                0x00000000000063ba        0xa contiki-sky.a(etimer.o)
                0x00000000000063ba                etimer_request_poll
 .text.process_thread_etimer_process
                0x00000000000063c4       0xc8 contiki-sky.a(etimer.o)
 .text.add_timer
                0x000000000000648c       0x40 contiki-sky.a(etimer.o)
 .text.etimer_set
                0x00000000000064cc       0x12 contiki-sky.a(etimer.o)
                0x00000000000064cc                etimer_set
 .text.etimer_reset
                0x00000000000064de       0x12 contiki-sky.a(etimer.o)
                0x00000000000064de                etimer_reset
 .text.etimer_expired
                0x00000000000064f0        0xe contiki-sky.a(etimer.o)
                0x00000000000064f0                etimer_expired
 .text.etimer_pending
                0x00000000000064fe        0xc contiki-sky.a(etimer.o)
                0x00000000000064fe                etimer_pending
 .text.etimer_next_expiration_time
                0x000000000000650a       0x16 contiki-sky.a(etimer.o)
                0x000000000000650a                etimer_next_expiration_time
 .text.etimer_stop
                0x0000000000006520       0x3c contiki-sky.a(etimer.o)
                0x0000000000006520                etimer_stop
 .text.process_thread_ctimer_process
                0x000000000000655c       0xa4 contiki-sky.a(ctimer.o)
 .text.ctimer_init
                0x0000000000006600       0x18 contiki-sky.a(ctimer.o)
                0x0000000000006600                ctimer_init
 .text.ctimer_set
                0x0000000000006618       0x50 contiki-sky.a(ctimer.o)
                0x0000000000006618                ctimer_set
 .text.ctimer_reset
                0x0000000000006668       0x30 contiki-sky.a(ctimer.o)
                0x0000000000006668                ctimer_reset
 .text.ctimer_stop
                0x0000000000006698       0x28 contiki-sky.a(ctimer.o)
                0x0000000000006698                ctimer_stop
 .text.call_process
                0x00000000000066c0       0x48 contiki-sky.a(process.o)
 .text.exit_process
                0x0000000000006708       0x94 contiki-sky.a(process.o)
 .text.do_poll  0x000000000000679c       0x30 contiki-sky.a(process.o)
 .text.process_alloc_event
                0x00000000000067cc        0xe contiki-sky.a(process.o)
                0x00000000000067cc                process_alloc_event
 .text.process_init
                0x00000000000067da       0x1c contiki-sky.a(process.o)
                0x00000000000067da                process_init
 .text.process_run
                0x00000000000067f6       0xa2 contiki-sky.a(process.o)
                0x00000000000067f6                process_run
 .text.process_nevents
                0x0000000000006898        0xe contiki-sky.a(process.o)
                0x0000000000006898                process_nevents
 .text.process_post
                0x00000000000068a6       0x54 contiki-sky.a(process.o)
                0x00000000000068a6                process_post
 .text.process_post_synch
                0x00000000000068fa       0x12 contiki-sky.a(process.o)
                0x00000000000068fa                process_post_synch
 .text.process_start
                0x000000000000690c       0x32 contiki-sky.a(process.o)
                0x000000000000690c                process_start
 .text.process_poll
                0x000000000000693e       0x18 contiki-sky.a(process.o)
                0x000000000000693e                process_poll
 .text.rtimer_init
                0x0000000000006956        0x6 contiki-sky.a(rtimer.o)
                0x0000000000006956                rtimer_init
 .text.rtimer_set
                0x000000000000695c       0x24 contiki-sky.a(rtimer.o)
                0x000000000000695c                rtimer_set
 .text.rtimer_run_next
                0x0000000000006980       0x26 contiki-sky.a(rtimer.o)
                0x0000000000006980                rtimer_run_next
 .text.timer_set
                0x00000000000069a6       0x1c contiki-sky.a(timer.o)
                0x00000000000069a6                timer_set
 .text.timer_reset
                0x00000000000069c2        0xe contiki-sky.a(timer.o)
                0x00000000000069c2                timer_reset
 .text.timer_expired
                0x00000000000069d0       0x2a contiki-sky.a(timer.o)
                0x00000000000069d0                timer_expired
 .text.list_init
                0x00000000000069fa        0x6 contiki-sky.a(list.o)
                0x00000000000069fa                list_init
 .text.list_head
                0x0000000000006a00        0x4 contiki-sky.a(list.o)
                0x0000000000006a00                list_head
 .text.list_tail
                0x0000000000006a04       0x12 contiki-sky.a(list.o)
                0x0000000000006a04                list_tail
 .text.list_remove
                0x0000000000006a16       0x34 contiki-sky.a(list.o)
                0x0000000000006a16                list_remove
 .text.list_push
                0x0000000000006a4a       0x1a contiki-sky.a(list.o)
                0x0000000000006a4a                list_push
 .text.list_add
                0x0000000000006a64       0x2a contiki-sky.a(list.o)
                0x0000000000006a64                list_add
 .text.list_length
                0x0000000000006a8e       0x10 contiki-sky.a(list.o)
                0x0000000000006a8e                list_length
 .text.list_item_next
                0x0000000000006a9e        0xc contiki-sky.a(list.o)
                0x0000000000006a9e                list_item_next
 .text.memb_init
                0x0000000000006aaa       0x36 contiki-sky.a(memb.o)
                0x0000000000006aaa                memb_init
 .text.memb_alloc
                0x0000000000006ae0       0x3e contiki-sky.a(memb.o)
                0x0000000000006ae0                memb_alloc
 .text.memb_free
                0x0000000000006b1e       0x3a contiki-sky.a(memb.o)
                0x0000000000006b1e                memb_free
 .text.memb_inmemb
                0x0000000000006b58       0x2e contiki-sky.a(memb.o)
                0x0000000000006b58                memb_inmemb
 .text.random_init
                0x0000000000006b86        0x6 contiki-sky.a(random.o)
                0x0000000000006b86                random_init
 .text.random_rand
                0x0000000000006b8c        0x6 contiki-sky.a(random.o)
                0x0000000000006b8c                random_rand
 .text.uip_ds6_list_loop
                0x0000000000006b92       0x86 contiki-sky.a(uip-ds6.o)
                0x0000000000006b92                uip_ds6_list_loop
 .text.uip_ds6_prefix_add
                0x0000000000006c18       0x80 contiki-sky.a(uip-ds6.o)
                0x0000000000006c18                uip_ds6_prefix_add
 .text.uip_ds6_is_addr_onlink
                0x0000000000006c98       0x54 contiki-sky.a(uip-ds6.o)
                0x0000000000006c98                uip_ds6_is_addr_onlink
 .text.uip_ds6_addr_lookup
                0x0000000000006cec       0x28 contiki-sky.a(uip-ds6.o)
                0x0000000000006cec                uip_ds6_addr_lookup
 .text.uip_ds6_get_link_local
                0x0000000000006d14       0x3e contiki-sky.a(uip-ds6.o)
                0x0000000000006d14                uip_ds6_get_link_local
 .text.uip_ds6_maddr_add
                0x0000000000006d52       0x4a contiki-sky.a(uip-ds6.o)
                0x0000000000006d52                uip_ds6_maddr_add
 .text.uip_ds6_addr_add
                0x0000000000006d9c       0xc2 contiki-sky.a(uip-ds6.o)
                0x0000000000006d9c                uip_ds6_addr_add
 .text.uip_ds6_maddr_lookup
                0x0000000000006e5e       0x28 contiki-sky.a(uip-ds6.o)
                0x0000000000006e5e                uip_ds6_maddr_lookup
 .text.uip_ds6_addr_rm
                0x0000000000006e86       0x54 contiki-sky.a(uip-ds6.o)
                0x0000000000006e86                uip_ds6_addr_rm
 .text.uip_ds6_periodic
                0x0000000000006eda       0x4a contiki-sky.a(uip-ds6.o)
                0x0000000000006eda                uip_ds6_periodic
 .text.uip_ds6_set_addr_iid
                0x0000000000006f24       0x14 contiki-sky.a(uip-ds6.o)
                0x0000000000006f24                uip_ds6_set_addr_iid
 .text.get_match_length
                0x0000000000006f38       0x3e contiki-sky.a(uip-ds6.o)
                0x0000000000006f38                get_match_length
 .text.uip_ds6_select_src
                0x0000000000006f76       0xaa contiki-sky.a(uip-ds6.o)
                0x0000000000006f76                uip_ds6_select_src
 .text.uip_ds6_compute_reachable_time
                0x0000000000007020       0x3e contiki-sky.a(uip-ds6.o)
                0x0000000000007020                uip_ds6_compute_reachable_time
 .text.uip_ds6_init
                0x000000000000705e      0x154 contiki-sky.a(uip-ds6.o)
                0x000000000000705e                uip_ds6_init
 .text.call_route_callback
                0x00000000000071b2       0x4a contiki-sky.a(uip-ds6-route.o)
 .text.uip_ds6_route_init
                0x00000000000071fc       0x1a contiki-sky.a(uip-ds6-route.o)
                0x00000000000071fc                uip_ds6_route_init
 .text.uip_ds6_defrt_rm
                0x0000000000007216       0x48 contiki-sky.a(uip-ds6-route.o)
                0x0000000000007216                uip_ds6_defrt_rm
 .text.uip_ds6_defrt_lookup
                0x000000000000725e       0x36 contiki-sky.a(uip-ds6-route.o)
                0x000000000000725e                uip_ds6_defrt_lookup
 .text.uip_ds6_defrt_add
                0x0000000000007294       0x74 contiki-sky.a(uip-ds6-route.o)
                0x0000000000007294                uip_ds6_defrt_add
 .text.uip_ds6_defrt_choose
                0x0000000000007308       0x3a contiki-sky.a(uip-ds6-route.o)
                0x0000000000007308                uip_ds6_defrt_choose
 .text.uip_ds6_defrt_periodic
                0x0000000000007342       0x38 contiki-sky.a(uip-ds6-route.o)
                0x0000000000007342                uip_ds6_defrt_periodic
 .text.chksum   0x000000000000737a       0x32 contiki-sky.a(uip6.o)
 .text.ext_hdr_options_process
                0x00000000000073ac       0xda contiki-sky.a(uip6.o)
 .text.uip_icmp6chksum
                0x0000000000007486       0x56 contiki-sky.a(uip6.o)
                0x0000000000007486                uip_icmp6chksum
 .text.uip_init
                0x00000000000074dc       0x40 contiki-sky.a(uip6.o)
                0x00000000000074dc                uip_init
 .text.remove_ext_hdr
                0x000000000000751c       0x5a contiki-sky.a(uip6.o)
                0x000000000000751c                remove_ext_hdr
 .text.uip_udp_new
                0x0000000000007576       0xce contiki-sky.a(uip6.o)
                0x0000000000007576                uip_udp_new
 .text.uip_process
                0x0000000000007644      0x47e contiki-sky.a(uip6.o)
                0x0000000000007644                uip_process
 .text.uip_htonl
                0x0000000000007ac2       0x2e contiki-sky.a(uip6.o)
                0x0000000000007ac2                uip_htonl
 .text.uip_ds6_nbr_rm
                0x0000000000007af0       0x1a contiki-sky.a(uip-ds6-nbr.o)
                0x0000000000007af0                uip_ds6_nbr_rm
 .text.uip_ds6_neighbors_init
                0x0000000000007b0a        0xe contiki-sky.a(uip-ds6-nbr.o)
                0x0000000000007b0a                uip_ds6_neighbors_init
 .text.uip_ds6_nbr_add
                0x0000000000007b18       0x60 contiki-sky.a(uip-ds6-nbr.o)
                0x0000000000007b18                uip_ds6_nbr_add
 .text.uip_ds6_nbr_get_ll
                0x0000000000007b78        0xc contiki-sky.a(uip-ds6-nbr.o)
                0x0000000000007b78                uip_ds6_nbr_get_ll
 .text.uip_ds6_nbr_lookup
                0x0000000000007b84       0x42 contiki-sky.a(uip-ds6-nbr.o)
                0x0000000000007b84                uip_ds6_nbr_lookup
 .text.uip_ds6_nbr_ll_lookup
                0x0000000000007bc6        0xc contiki-sky.a(uip-ds6-nbr.o)
                0x0000000000007bc6                uip_ds6_nbr_ll_lookup
 .text.uip_ds6_nbr_ipaddr_from_lladdr
                0x0000000000007bd2        0x6 contiki-sky.a(uip-ds6-nbr.o)
                0x0000000000007bd2                uip_ds6_nbr_ipaddr_from_lladdr
 .text.uip_ds6_nbr_lladdr_from_ipaddr
                0x0000000000007bd8       0x12 contiki-sky.a(uip-ds6-nbr.o)
                0x0000000000007bd8                uip_ds6_nbr_lladdr_from_ipaddr
 .text.uip_ds6_link_neighbor_callback
                0x0000000000007bea       0x2a contiki-sky.a(uip-ds6-nbr.o)
                0x0000000000007bea                uip_ds6_link_neighbor_callback
 .text.uip_ds6_neighbor_periodic
                0x0000000000007c14       0x60 contiki-sky.a(uip-ds6-nbr.o)
                0x0000000000007c14                uip_ds6_neighbor_periodic
 .text.uip_nd6_init
                0x0000000000007c74        0x2 contiki-sky.a(uip-nd6.o)
                0x0000000000007c74                uip_nd6_init
 .text.addr_context_lookup_by_number
                0x0000000000007c76       0x36 contiki-sky.a(sicslowpan.o)
 .text.compress_addr_64
                0x0000000000007cac       0xae contiki-sky.a(sicslowpan.o)
 .text.uncompress_addr
                0x0000000000007d5a       0xb4 contiki-sky.a(sicslowpan.o)
 .text.sicslowpan_init
                0x0000000000007e0e       0x26 contiki-sky.a(sicslowpan.o)
                0x0000000000007e0e                sicslowpan_init
 .text.addr_context_lookup_by_prefix
                0x0000000000007e34       0x4c contiki-sky.a(sicslowpan.o)
 .text.output   0x0000000000007e80      0x57c contiki-sky.a(sicslowpan.o)
 .text.packet_sent
                0x00000000000083fc       0x22 contiki-sky.a(sicslowpan.o)
 .text.input    0x000000000000841e      0x490 contiki-sky.a(sicslowpan.o)
 .text.rime_sniffer_add
                0x00000000000088ae        0x6 contiki-sky.a(sicslowpan.o)
                0x00000000000088ae                rime_sniffer_add
 .text.tcpip_output
                0x00000000000088b4       0x10 contiki-sky.a(tcpip.o)
                0x00000000000088b4                tcpip_output
 .text.tcpip_set_outputfunc
                0x00000000000088c4        0x6 contiki-sky.a(tcpip.o)
                0x00000000000088c4                tcpip_set_outputfunc
 .text.udp_new  0x00000000000088ca       0x1a contiki-sky.a(tcpip.o)
                0x00000000000088ca                udp_new
 .text.tcpip_input
                0x00000000000088e4       0x16 contiki-sky.a(tcpip.o)
                0x00000000000088e4                tcpip_input
 .text.tcpip_ipv6_output
                0x00000000000088fa       0x96 contiki-sky.a(tcpip.o)
                0x00000000000088fa                tcpip_ipv6_output
 .text.process_thread_tcpip_process
                0x0000000000008990       0xcc contiki-sky.a(tcpip.o)
 .text.tcpip_uipcall
                0x0000000000008a5c       0x2a contiki-sky.a(tcpip.o)
                0x0000000000008a5c                tcpip_uipcall
 .text.process_thread_simple_udp_process
                0x0000000000008a86       0xac contiki-sky.a(simple-udp.o)
 .text.simple_udp_sendto
                0x0000000000008b32       0x30 contiki-sky.a(simple-udp.o)
                0x0000000000008b32                simple_udp_sendto
 .text.simple_udp_register
                0x0000000000008b62       0x9a contiki-sky.a(simple-udp.o)
                0x0000000000008b62                simple_udp_register
 .text.lollipop_greater_than
                0x0000000000008bfc       0x44 contiki-sky.a(rpl-dag.o)
 .text.best_parent
                0x0000000000008c40       0x56 contiki-sky.a(rpl-dag.o)
 .text.set_ip_from_prefix
                0x0000000000008c96       0x38 contiki-sky.a(rpl-dag.o)
 .text.check_prefix
                0x0000000000008cce       0x80 contiki-sky.a(rpl-dag.o)
 .text.rpl_set_preferred_parent
                0x0000000000008d4e       0x44 contiki-sky.a(rpl-dag.o)
 .text.find_parent_any_dag_any_instance
                0x0000000000008d92       0x14 contiki-sky.a(rpl-dag.o)
 .text.rpl_dag_init
                0x0000000000008da6        0xe contiki-sky.a(rpl-dag.o)
                0x0000000000008da6                rpl_dag_init
 .text.rpl_get_parent_ipaddr
                0x0000000000008db4       0x10 contiki-sky.a(rpl-dag.o)
                0x0000000000008db4                rpl_get_parent_ipaddr
 .text.handle_probing_timer
                0x0000000000008dc4       0x8c contiki-sky.a(rpl-dag.o)
 .text.rpl_set_prefix
                0x0000000000008e50       0x8e contiki-sky.a(rpl-dag.o)
                0x0000000000008e50                rpl_set_prefix
 .text.rpl_set_default_route
                0x0000000000008ede       0x4e contiki-sky.a(rpl-dag.o)
                0x0000000000008ede                rpl_set_default_route
 .text.rpl_alloc_instance
                0x0000000000008f2c       0x2c contiki-sky.a(rpl-dag.o)
                0x0000000000008f2c                rpl_alloc_instance
 .text.rpl_init_link_metric
                0x0000000000008f58       0x3c contiki-sky.a(rpl-dag.o)
                0x0000000000008f58                rpl_init_link_metric
 .text.rpl_add_parent
                0x0000000000008f94       0x6e contiki-sky.a(rpl-dag.o)
                0x0000000000008f94                rpl_add_parent
 .text.rpl_find_parent
                0x0000000000009002       0x1a contiki-sky.a(rpl-dag.o)
                0x0000000000009002                rpl_find_parent
 .text.rpl_find_parent_any_dag
                0x000000000000901c       0x22 contiki-sky.a(rpl-dag.o)
                0x000000000000901c                rpl_find_parent_any_dag
 .text.rpl_select_parent
                0x000000000000903e       0x82 contiki-sky.a(rpl-dag.o)
                0x000000000000903e                rpl_select_parent
 .text.rpl_select_dag
                0x00000000000090c0      0x140 contiki-sky.a(rpl-dag.o)
                0x00000000000090c0                rpl_select_dag
 .text.rpl_nullify_parent
                0x0000000000009200       0x40 contiki-sky.a(rpl-dag.o)
                0x0000000000009200                rpl_nullify_parent
 .text.rpl_remove_parent
                0x0000000000009240       0x16 contiki-sky.a(rpl-dag.o)
                0x0000000000009240                rpl_remove_parent
 .text.nbr_callback
                0x0000000000009256        0x6 contiki-sky.a(rpl-dag.o)
 .text.remove_parents.constprop.2
                0x000000000000925c       0x32 contiki-sky.a(rpl-dag.o)
 .text.rpl_free_dag
                0x000000000000928e       0x36 contiki-sky.a(rpl-dag.o)
                0x000000000000928e                rpl_free_dag
 .text.rpl_free_instance
                0x00000000000092c4       0x5c contiki-sky.a(rpl-dag.o)
                0x00000000000092c4                rpl_free_instance
 .text.rpl_get_any_dag
                0x0000000000009320       0x18 contiki-sky.a(rpl-dag.o)
                0x0000000000009320                rpl_get_any_dag
 .text.rpl_get_instance
                0x0000000000009338       0x1a contiki-sky.a(rpl-dag.o)
                0x0000000000009338                rpl_get_instance
 .text.get_dag  0x0000000000009352       0x38 contiki-sky.a(rpl-dag.o)
 .text.rpl_alloc_dag
                0x000000000000938a       0x66 contiki-sky.a(rpl-dag.o)
                0x000000000000938a                rpl_alloc_dag
 .text.rpl_set_root
                0x00000000000093f0       0xc6 contiki-sky.a(rpl-dag.o)
                0x00000000000093f0                rpl_set_root
 .text.rpl_find_of
                0x00000000000094b6       0x10 contiki-sky.a(rpl-dag.o)
                0x00000000000094b6                rpl_find_of
 .text.rpl_join_instance
                0x00000000000094c6       0xfe contiki-sky.a(rpl-dag.o)
                0x00000000000094c6                rpl_join_instance
 .text.rpl_local_repair
                0x00000000000095c4       0x28 contiki-sky.a(rpl-dag.o)
                0x00000000000095c4                rpl_local_repair
 .text.rpl_process_parent_event
                0x00000000000095ec       0x46 contiki-sky.a(rpl-dag.o)
                0x00000000000095ec                rpl_process_parent_event
 .text.rpl_recalculate_ranks
                0x0000000000009632       0x48 contiki-sky.a(rpl-dag.o)
                0x0000000000009632                rpl_recalculate_ranks
 .text.rpl_process_dio
                0x000000000000967a      0x234 contiki-sky.a(rpl-dag.o)
                0x000000000000967a                rpl_process_dio
 .text.new_dio_interval
                0x00000000000098ae       0x9a contiki-sky.a(rpl-timers.o)
 .text.handle_periodic_timer
                0x0000000000009948       0x12 contiki-sky.a(rpl-timers.o)
 .text.handle_dio_timer
                0x000000000000995a       0x78 contiki-sky.a(rpl-timers.o)
 .text.rpl_reset_periodic_timer
                0x00000000000099d2       0x60 contiki-sky.a(rpl-timers.o)
                0x00000000000099d2                rpl_reset_periodic_timer
 .text.rpl_reset_dio_timer
                0x0000000000009a32       0x18 contiki-sky.a(rpl-timers.o)
                0x0000000000009a32                rpl_reset_dio_timer
 .text.rpl_verify_header
                0x0000000000009a4a       0xd6 contiki-sky.a(rpl-ext-header.)
                0x0000000000009a4a                rpl_verify_header
 .text.rpl_update_header_empty
                0x0000000000009b20       0xd6 contiki-sky.a(rpl-ext-header.)
                0x0000000000009b20                rpl_update_header_empty
 .text.rpl_update_header_final
                0x0000000000009bf6       0x94 contiki-sky.a(rpl-ext-header.)
                0x0000000000009bf6                rpl_update_header_final
 .text.rpl_invert_header
                0x0000000000009c8a       0x7a contiki-sky.a(rpl-ext-header.)
                0x0000000000009c8a                rpl_invert_header
 .text.rpl_insert_header
                0x0000000000009d04       0x12 contiki-sky.a(rpl-ext-header.)
                0x0000000000009d04                rpl_insert_header
 .text.rpl_purge_routes
                0x0000000000009d16        0x2 contiki-sky.a(rpl.o)
                0x0000000000009d16                rpl_purge_routes
 .text.rpl_remove_routes
                0x0000000000009d18        0x2 contiki-sky.a(rpl.o)
                0x0000000000009d18                rpl_remove_routes
 .text.rpl_link_neighbor_callback
                0x0000000000009d1a       0x88 contiki-sky.a(rpl.o)
                0x0000000000009d1a                rpl_link_neighbor_callback
 .text.rpl_ipv6_neighbor_callback
                0x0000000000009da2       0x1e contiki-sky.a(rpl.o)
                0x0000000000009da2                rpl_ipv6_neighbor_callback
 .text.rpl_init
                0x0000000000009dc0       0x4a contiki-sky.a(rpl.o)
                0x0000000000009dc0                rpl_init
 .text.reset    0x0000000000009e0a        0x2 contiki-sky.a(rpl-of-etx-exp.)
 .text.neighbor_link_callback
                0x0000000000009e0c       0x86 contiki-sky.a(rpl-of-etx-exp.)
 .text.calculate_rank
                0x0000000000009e92       0x34 contiki-sky.a(rpl-of-etx-exp.)
 .text.best_parent
                0x0000000000009ec6       0x56 contiki-sky.a(rpl-of-etx-exp.)
 .text.update_metric_container
                0x0000000000009f1c        0x6 contiki-sky.a(rpl-of-etx-exp.)
 .text.best_dag
                0x0000000000009f22       0x34 contiki-sky.a(rpl-of-etx-exp.)
 .text.send_packet
                0x0000000000009f56        0x2 contiki-sky.a(nordc.o)
 .text.send_list
                0x0000000000009f58        0x2 contiki-sky.a(nordc.o)
 .text.packet_input
                0x0000000000009f5a        0x2 contiki-sky.a(nordc.o)
 .text.on       0x0000000000009f5c        0x4 contiki-sky.a(nordc.o)
 .text.off      0x0000000000009f60        0x4 contiki-sky.a(nordc.o)
 .text.channel_check_interval
                0x0000000000009f64        0x4 contiki-sky.a(nordc.o)
 .text.init     0x0000000000009f68        0x2 contiki-sky.a(nordc.o)
 .text.parse    0x0000000000009f6a       0x88 contiki-sky.a(framer-802154.o)
 .text.create_frame.isra.0
                0x0000000000009ff2      0x100 contiki-sky.a(framer-802154.o)
 .text.create   0x000000000000a0f2        0x8 contiki-sky.a(framer-802154.o)
 .text.hdr_length
                0x000000000000a0fa        0x8 contiki-sky.a(framer-802154.o)
 .text.field_len
                0x000000000000a102       0x98 contiki-sky.a(frame802154.o)
 .text.frame802154_hdrlen
                0x000000000000a19a       0x2e contiki-sky.a(frame802154.o)
                0x000000000000a19a                frame802154_hdrlen
 .text.frame802154_create
                0x000000000000a1c8      0x146 contiki-sky.a(frame802154.o)
                0x000000000000a1c8                frame802154_create
 .text.frame802154_parse
                0x000000000000a30e      0x1da contiki-sky.a(frame802154.o)
                0x000000000000a30e                frame802154_parse
 .text.framer_canonical_create_and_secure
                0x000000000000a4e8       0x20 contiki-sky.a(framer.o)
                0x000000000000a4e8                framer_canonical_create_and_secure
 .text.queuebuf_init
                0x000000000000a508       0x1a contiki-sky.a(queuebuf.o)
                0x000000000000a508                queuebuf_init
 .text.queuebuf_new_from_packetbuf
                0x000000000000a522       0x88 contiki-sky.a(queuebuf.o)
                0x000000000000a522                queuebuf_new_from_packetbuf
 .text.queuebuf_free
                0x000000000000a5aa       0x40 contiki-sky.a(queuebuf.o)
                0x000000000000a5aa                queuebuf_free
 .text.queuebuf_to_packetbuf
                0x000000000000a5ea       0x6e contiki-sky.a(queuebuf.o)
                0x000000000000a5ea                queuebuf_to_packetbuf
 .text.queuebuf_dataptr
                0x000000000000a658       0x30 contiki-sky.a(queuebuf.o)
                0x000000000000a658                queuebuf_dataptr
 .text.queuebuf_datalen
                0x000000000000a688        0x8 contiki-sky.a(queuebuf.o)
                0x000000000000a688                queuebuf_datalen
 .text.index_from_key
                0x000000000000a690       0x48 contiki-sky.a(nbr-table.o)
 .text.item_from_key
                0x000000000000a6d8       0x34 contiki-sky.a(nbr-table.o)
 .text.nbr_set_bit
                0x000000000000a70c       0x8e contiki-sky.a(nbr-table.o)
 .text.index_from_lladdr
                0x000000000000a79a       0x42 contiki-sky.a(nbr-table.o)
 .text.nbr_get_bit.constprop.0
                0x000000000000a7dc       0x62 contiki-sky.a(nbr-table.o)
 .text.nbr_table_register
                0x000000000000a83e       0x28 contiki-sky.a(nbr-table.o)
                0x000000000000a83e                nbr_table_register
 .text.nbr_table_next
                0x000000000000a866       0x90 contiki-sky.a(nbr-table.o)
                0x000000000000a866                nbr_table_next
 .text.nbr_table_head
                0x000000000000a8f6       0x36 contiki-sky.a(nbr-table.o)
                0x000000000000a8f6                nbr_table_head
 .text.nbr_table_add_lladdr
                0x000000000000a92c      0x144 contiki-sky.a(nbr-table.o)
                0x000000000000a92c                nbr_table_add_lladdr
 .text.nbr_table_get_from_lladdr
                0x000000000000aa70       0x48 contiki-sky.a(nbr-table.o)
                0x000000000000aa70                nbr_table_get_from_lladdr
 .text.nbr_table_remove
                0x000000000000aab8       0x32 contiki-sky.a(nbr-table.o)
                0x000000000000aab8                nbr_table_remove
 .text.nbr_table_lock
                0x000000000000aaea       0x10 contiki-sky.a(nbr-table.o)
                0x000000000000aaea                nbr_table_lock
 .text.nbr_table_unlock
                0x000000000000aafa       0x10 contiki-sky.a(nbr-table.o)
                0x000000000000aafa                nbr_table_unlock
 .text.nbr_table_get_lladdr
                0x000000000000ab0a       0x5a contiki-sky.a(nbr-table.o)
                0x000000000000ab0a                nbr_table_get_lladdr
 .text.packetbuf_copyto_hdr
                0x000000000000ab64       0x1c contiki-sky.a(packetbuf.o)
                0x000000000000ab64                packetbuf_copyto_hdr
 .text.packetbuf_copyto
                0x000000000000ab80       0x52 contiki-sky.a(packetbuf.o)
                0x000000000000ab80                packetbuf_copyto
 .text.packetbuf_hdrreduce
                0x000000000000abd2       0x1a contiki-sky.a(packetbuf.o)
                0x000000000000abd2                packetbuf_hdrreduce
 .text.packetbuf_set_datalen
                0x000000000000abec        0x6 contiki-sky.a(packetbuf.o)
                0x000000000000abec                packetbuf_set_datalen
 .text.packetbuf_dataptr
                0x000000000000abf2        0xe contiki-sky.a(packetbuf.o)
                0x000000000000abf2                packetbuf_dataptr
 .text.packetbuf_hdrptr
                0x000000000000ac00        0xa contiki-sky.a(packetbuf.o)
                0x000000000000ac00                packetbuf_hdrptr
 .text.packetbuf_is_reference
                0x000000000000ac0a        0xe contiki-sky.a(packetbuf.o)
                0x000000000000ac0a                packetbuf_is_reference
 .text.packetbuf_compact
                0x000000000000ac18       0x48 contiki-sky.a(packetbuf.o)
                0x000000000000ac18                packetbuf_compact
 .text.packetbuf_reference_ptr
                0x000000000000ac60        0x6 contiki-sky.a(packetbuf.o)
                0x000000000000ac60                packetbuf_reference_ptr
 .text.packetbuf_datalen
                0x000000000000ac66        0x6 contiki-sky.a(packetbuf.o)
                0x000000000000ac66                packetbuf_datalen
 .text.packetbuf_hdrlen
                0x000000000000ac6c       0x10 contiki-sky.a(packetbuf.o)
                0x000000000000ac6c                packetbuf_hdrlen
 .text.packetbuf_totlen
                0x000000000000ac7c        0xc contiki-sky.a(packetbuf.o)
                0x000000000000ac7c                packetbuf_totlen
 .text.packetbuf_hdralloc
                0x000000000000ac88       0x2e contiki-sky.a(packetbuf.o)
                0x000000000000ac88                packetbuf_hdralloc
 .text.packetbuf_attr_clear
                0x000000000000acb6       0x36 contiki-sky.a(packetbuf.o)
                0x000000000000acb6                packetbuf_attr_clear
 .text.packetbuf_clear
                0x000000000000acec       0x1a contiki-sky.a(packetbuf.o)
                0x000000000000acec                packetbuf_clear
 .text.packetbuf_copyfrom
                0x000000000000ad06       0x2e contiki-sky.a(packetbuf.o)
                0x000000000000ad06                packetbuf_copyfrom
 .text.packetbuf_attr_copyto
                0x000000000000ad34       0x22 contiki-sky.a(packetbuf.o)
                0x000000000000ad34                packetbuf_attr_copyto
 .text.packetbuf_attr_copyfrom
                0x000000000000ad56       0x24 contiki-sky.a(packetbuf.o)
                0x000000000000ad56                packetbuf_attr_copyfrom
 .text.packetbuf_holds_broadcast
                0x000000000000ad7a        0xe contiki-sky.a(packetbuf.o)
                0x000000000000ad7a                packetbuf_holds_broadcast
 .text.linkaddr_copy
                0x000000000000ad88        0x8 contiki-sky.a(linkaddr.o)
                0x000000000000ad88                linkaddr_copy
 .text.linkaddr_cmp
                0x000000000000ad90       0x12 contiki-sky.a(linkaddr.o)
                0x000000000000ad90                linkaddr_cmp
 .text.linkaddr_set_node_addr
                0x000000000000ada2        0xc contiki-sky.a(linkaddr.o)
                0x000000000000ada2                linkaddr_set_node_addr
 .text.tsch_schedule_get_slotframe_from_handle
                0x000000000000adae       0x2c contiki-sky.a(tsch-schedule.o)
                0x000000000000adae                tsch_schedule_get_slotframe_from_handle
 .text.tsch_schedule_add_slotframe
                0x000000000000adda       0x78 contiki-sky.a(tsch-schedule.o)
                0x000000000000adda                tsch_schedule_add_slotframe
 .text.tsch_schedule_remove_link
                0x000000000000ae52       0x82 contiki-sky.a(tsch-schedule.o)
                0x000000000000ae52                tsch_schedule_remove_link
 .text.tsch_schedule_get_link_from_timeslot
                0x000000000000aed4       0x36 contiki-sky.a(tsch-schedule.o)
                0x000000000000aed4                tsch_schedule_get_link_from_timeslot
 .text.tsch_schedule_remove_link_from_timeslot
                0x000000000000af0a       0x26 contiki-sky.a(tsch-schedule.o)
                0x000000000000af0a                tsch_schedule_remove_link_from_timeslot
 .text.tsch_schedule_add_link
                0x000000000000af30       0xba contiki-sky.a(tsch-schedule.o)
                0x000000000000af30                tsch_schedule_add_link
 .text.tsch_schedule_get_next_active_link
                0x000000000000afea       0xc0 contiki-sky.a(tsch-schedule.o)
                0x000000000000afea                tsch_schedule_get_next_active_link
 .text.tsch_schedule_init
                0x000000000000b0aa       0x2c contiki-sky.a(tsch-schedule.o)
                0x000000000000b0aa                tsch_schedule_init
 .text.tsch_rpl_callback_joining_network
                0x000000000000b0d6        0x2 contiki-sky.a(tsch-rpl.o)
                0x000000000000b0d6                tsch_rpl_callback_joining_network
 .text.tsch_rpl_callback_leaving_network
                0x000000000000b0d8       0x12 contiki-sky.a(tsch-rpl.o)
                0x000000000000b0d8                tsch_rpl_callback_leaving_network
 .text.tsch_rpl_callback_new_dio_interval
                0x000000000000b0ea       0x32 contiki-sky.a(tsch-rpl.o)
                0x000000000000b0ea                tsch_rpl_callback_new_dio_interval
 .text.tsch_rpl_callback_parent_switch
                0x000000000000b11c       0x24 contiki-sky.a(tsch-rpl.o)
                0x000000000000b11c                tsch_rpl_callback_parent_switch
 .text.on       0x000000000000b140        0x6 contiki-sky.a(tsch.o)
 .text.off      0x000000000000b146        0x6 contiki-sky.a(tsch.o)
 .text.channel_check_interval
                0x000000000000b14c        0x4 contiki-sky.a(tsch.o)
 .text.check_timer_miss
                0x000000000000b150       0x2e contiki-sky.a(tsch.o)
 .text.turn_off
                0x000000000000b17e        0x4 contiki-sky.a(tsch.o)
 .text.turn_on  0x000000000000b182       0x18 contiki-sky.a(tsch.o)
 .text.tsch_reset
                0x000000000000b19a       0x52 contiki-sky.a(tsch.o)
 .text.tsch_init
                0x000000000000b1ec       0x4c contiki-sky.a(tsch.o)
 .text.ctc_decode
                0x000000000000b238      0x11c contiki-sky.a(tsch.o)
 .text.ctc_sync
                0x000000000000b354       0xf4 contiki-sky.a(tsch.o)
 .text.process_thread_tsch_send_eb_process
                0x000000000000b448      0x154 contiki-sky.a(tsch.o)
 .text.wait_rx  0x000000000000b59c       0x54 contiki-sky.a(tsch.o)
 .text.tsch_schedule_keepalive
                0x000000000000b5f0       0x40 contiki-sky.a(tsch.o)
 .text.keepalive_packet_sent
                0x000000000000b630        0xe contiki-sky.a(tsch.o)
 .text.tsch_schedule_link_operation.constprop.5
                0x000000000000b63e       0x44 contiki-sky.a(tsch.o)
 .text.log_ulpkt
                0x000000000000b682       0xc6 contiki-sky.a(tsch.o)
                0x000000000000b682                log_ulpkt
 .text.packet_input
                0x000000000000b748       0xb2 contiki-sky.a(tsch.o)
 .text.send_packet
                0x000000000000b7fa       0x7c contiki-sky.a(tsch.o)
 .text.keepalive_send
                0x000000000000b876       0x2c contiki-sky.a(tsch.o)
 .text.tsch_is_locked
                0x000000000000b8a2        0x6 contiki-sky.a(tsch.o)
                0x000000000000b8a2                tsch_is_locked
 .text.tsch_get_lock
                0x000000000000b8a8       0x40 contiki-sky.a(tsch.o)
                0x000000000000b8a8                tsch_get_lock
 .text.process_thread_tsch_pending_events_process
                0x000000000000b8e8      0x1ec contiki-sky.a(tsch.o)
 .text.tsch_release_lock
                0x000000000000bad4        0x6 contiki-sky.a(tsch.o)
                0x000000000000bad4                tsch_release_lock
 .text.tsch_calculate_channel
                0x000000000000bada       0x62 contiki-sky.a(tsch.o)
                0x000000000000bada                tsch_calculate_channel
 .text.hop_channel.constprop.9
                0x000000000000bb3c       0x24 contiki-sky.a(tsch.o)
 .text.process_thread_tsch_process
                0x000000000000bb60      0x438 contiki-sky.a(tsch.o)
 .text.current_slot
                0x000000000000bf98       0x48 contiki-sky.a(tsch.o)
                0x000000000000bf98                current_slot
 .text.dl_flow_sel
                0x000000000000bfe0       0x52 contiki-sky.a(tsch.o)
                0x000000000000bfe0                dl_flow_sel
 .text.dlpkt_gen
                0x000000000000c032       0x38 contiki-sky.a(tsch.o)
                0x000000000000c032                dlpkt_gen
 .text.tsch_link_operation
                0x000000000000c06a      0xc48 contiki-sky.a(tsch.o)
 .text.tsch_set_eb_period
                0x000000000000ccb2       0x10 contiki-sky.a(tsch.o)
                0x000000000000ccb2                tsch_set_eb_period
 .text.tsch_dump_status
                0x000000000000ccc2       0x46 contiki-sky.a(tsch.o)
                0x000000000000ccc2                tsch_dump_status
 .text.bootstrap
                0x000000000000cd08        0x4 contiki-sky.a(nullsec.o)
 .text.send     0x000000000000cd0c        0x6 contiki-sky.a(nullsec.o)
 .text.on_frame_created
                0x000000000000cd12        0x4 contiki-sky.a(nullsec.o)
 .text.input    0x000000000000cd16        0x6 contiki-sky.a(nullsec.o)
 .text.get_overhead
                0x000000000000cd1c        0x4 contiki-sky.a(nullsec.o)
 .text.spi_init
                0x000000000000cd20       0x32 contiki-sky.a(spi.o)
                0x000000000000cd20                spi_init
 .text.stimer_set
                0x000000000000cd52       0x1c contiki-sky.a(stimer.o)
                0x000000000000cd52                stimer_set
 .text.stimer_expired
                0x000000000000cd6e       0x30 contiki-sky.a(stimer.o)
                0x000000000000cd6e                stimer_expired
 .text.ringbufindex_init
                0x000000000000cd9e       0x10 contiki-sky.a(ringbufindex.o)
                0x000000000000cd9e                ringbufindex_init
 .text.ringbufindex_put
                0x000000000000cdae       0x28 contiki-sky.a(ringbufindex.o)
                0x000000000000cdae                ringbufindex_put
 .text.ringbufindex_peek_put
                0x000000000000cdd6       0x20 contiki-sky.a(ringbufindex.o)
                0x000000000000cdd6                ringbufindex_peek_put
 .text.ringbufindex_get
                0x000000000000cdf6       0x2c contiki-sky.a(ringbufindex.o)
                0x000000000000cdf6                ringbufindex_get
 .text.ringbufindex_peek_get
                0x000000000000ce22       0x1c contiki-sky.a(ringbufindex.o)
                0x000000000000ce22                ringbufindex_peek_get
 .text.ringbufindex_elements
                0x000000000000ce3e       0x10 contiki-sky.a(ringbufindex.o)
                0x000000000000ce3e                ringbufindex_elements
 .text.ringbufindex_empty
                0x000000000000ce4e       0x16 contiki-sky.a(ringbufindex.o)
                0x000000000000ce4e                ringbufindex_empty
 .text.echo_reply_input
                0x000000000000ce64      0x112 contiki-sky.a(uip-icmp6.o)
 .text.echo_request_input
                0x000000000000cf76      0x12c contiki-sky.a(uip-icmp6.o)
 .text.uip_icmp6_input
                0x000000000000d0a2       0x44 contiki-sky.a(uip-icmp6.o)
                0x000000000000d0a2                uip_icmp6_input
 .text.uip_icmp6_register_input_handler
                0x000000000000d0e6        0xc contiki-sky.a(uip-icmp6.o)
                0x000000000000d0e6                uip_icmp6_register_input_handler
 .text.uip_icmp6_error_output
                0x000000000000d0f2      0x17a contiki-sky.a(uip-icmp6.o)
                0x000000000000d0f2                uip_icmp6_error_output
 .text.uip_icmp6_send
                0x000000000000d26c       0x96 contiki-sky.a(uip-icmp6.o)
                0x000000000000d26c                uip_icmp6_send
 .text.uip_icmp6_init
                0x000000000000d302       0x12 contiki-sky.a(uip-icmp6.o)
                0x000000000000d302                uip_icmp6_init
 .text.uip_udp_packet_send
                0x000000000000d314       0x2e contiki-sky.a(uip-udp-packet.)
                0x000000000000d314                uip_udp_packet_send
 .text.uip_udp_packet_sendto
                0x000000000000d342       0x66 contiki-sky.a(uip-udp-packet.)
                0x000000000000d342                uip_udp_packet_sendto
 .text.get32    0x000000000000d3a8       0x46 contiki-sky.a(rpl-icmp6.o)
 .text.set32    0x000000000000d3ee       0x2a contiki-sky.a(rpl-icmp6.o)
 .text.set16    0x000000000000d418       0x10 contiki-sky.a(rpl-icmp6.o)
 .text.dio_input
                0x000000000000d428      0x266 contiki-sky.a(rpl-icmp6.o)
 .text.dio_output
                0x000000000000d68e      0x24a contiki-sky.a(rpl-icmp6.o)
                0x000000000000d68e                dio_output
 .text.rpl_icmp6_register_handlers
                0x000000000000d8d8        0xa contiki-sky.a(rpl-icmp6.o)
                0x000000000000d8d8                rpl_icmp6_register_handlers
 .text.mac_call_sent_callback
                0x000000000000d8e2       0x14 contiki-sky.a(mac.o)
                0x000000000000d8e2                mac_call_sent_callback
 .text.tsch_queue_get_nbr
                0x000000000000d8f6       0x3e contiki-sky.a(tsch-queue.o)
                0x000000000000d8f6                tsch_queue_get_nbr
 .text.tsch_queue_add_nbr
                0x000000000000d934       0x88 contiki-sky.a(tsch-queue.o)
                0x000000000000d934                tsch_queue_add_nbr
 .text.tsch_queue_get_time_source
                0x000000000000d9bc       0x26 contiki-sky.a(tsch-queue.o)
                0x000000000000d9bc                tsch_queue_get_time_source
 .text.tsch_queue_update_time_source
                0x000000000000d9e2       0x50 contiki-sky.a(tsch-queue.o)
                0x000000000000d9e2                tsch_queue_update_time_source
 .text.tsch_queue_add_packet
                0x000000000000da32       0x96 contiki-sky.a(tsch-queue.o)
                0x000000000000da32                tsch_queue_add_packet
 .text.tsch_queue_packet_count
                0x000000000000dac8       0x26 contiki-sky.a(tsch-queue.o)
                0x000000000000dac8                tsch_queue_packet_count
 .text.tsch_queue_remove_packet_from_queue
                0x000000000000daee       0x32 contiki-sky.a(tsch-queue.o)
                0x000000000000daee                tsch_queue_remove_packet_from_queue
 .text.tsch_queue_free_packet
                0x000000000000db20       0x1c contiki-sky.a(tsch-queue.o)
                0x000000000000db20                tsch_queue_free_packet
 .text.tsch_queue_is_empty
                0x000000000000db3c       0x2c contiki-sky.a(tsch-queue.o)
                0x000000000000db3c                tsch_queue_is_empty
 .text.tsch_queue_flush_nbr_queue
                0x000000000000db68       0x40 contiki-sky.a(tsch-queue.o)
 .text.tsch_queue_remove_nbr
                0x000000000000dba8       0x32 contiki-sky.a(tsch-queue.o)
 .text.tsch_queue_free_unused_neighbors
                0x000000000000dbda       0x48 contiki-sky.a(tsch-queue.o)
                0x000000000000dbda                tsch_queue_free_unused_neighbors
 .text.tsch_queue_get_packet_for_nbr
                0x000000000000dc22       0x42 contiki-sky.a(tsch-queue.o)
                0x000000000000dc22                tsch_queue_get_packet_for_nbr
 .text.tsch_queue_get_unicast_packet_for_any
                0x000000000000dc64       0x54 contiki-sky.a(tsch-queue.o)
                0x000000000000dc64                tsch_queue_get_unicast_packet_for_any
 .text.tsch_queue_backoff_reset
                0x000000000000dcb8        0xa contiki-sky.a(tsch-queue.o)
                0x000000000000dcb8                tsch_queue_backoff_reset
 .text.tsch_queue_backoff_inc
                0x000000000000dcc2       0x60 contiki-sky.a(tsch-queue.o)
                0x000000000000dcc2                tsch_queue_backoff_inc
 .text.tsch_queue_update_all_backoff_windows
                0x000000000000dd22       0x5e contiki-sky.a(tsch-queue.o)
                0x000000000000dd22                tsch_queue_update_all_backoff_windows
 .text.tsch_queue_init
                0x000000000000dd80       0x4c contiki-sky.a(tsch-queue.o)
                0x000000000000dd80                tsch_queue_init
 .text.tsch_packet_parse_sync_ack
                0x000000000000ddcc       0xe2 contiki-sky.a(tsch-packet.o)
                0x000000000000ddcc                tsch_packet_parse_sync_ack
 .text.tsch_packet_make_sync_ack
                0x000000000000deae       0xb8 contiki-sky.a(tsch-packet.o)
                0x000000000000deae                tsch_packet_make_sync_ack
 .text.tsch_packet_parse_frame_type_from_fcf_lsb
                0x000000000000df66       0x50 contiki-sky.a(tsch-packet.o)
                0x000000000000df66                tsch_packet_parse_frame_type_from_fcf_lsb
 .text.tsch_packet_parse_frame_type
                0x000000000000dfb6       0x1e contiki-sky.a(tsch-packet.o)
                0x000000000000dfb6                tsch_packet_parse_frame_type
 .text.tsch_packet_extract_addresses
                0x000000000000dfd4       0x9a contiki-sky.a(tsch-packet.o)
                0x000000000000dfd4                tsch_packet_extract_addresses
 .text.tsch_packet_make_eb
                0x000000000000e06e      0x100 contiki-sky.a(tsch-packet.o)
                0x000000000000e06e                tsch_packet_make_eb
 .text.tsch_packet_update_eb
                0x000000000000e16e       0x68 contiki-sky.a(tsch-packet.o)
                0x000000000000e16e                tsch_packet_update_eb
 .text.tsch_parse_eb
                0x000000000000e1d6      0x156 contiki-sky.a(tsch-packet.o)
                0x000000000000e1d6                tsch_parse_eb
 .text.libgcc   0x000000000000e32c       0x2c /usr/lib/gcc/msp430/4.6.3/mmpy-16/libgcc.a(_mulsi3.o)
                0x000000000000e32c                __mulsi3
 .text.libgcc   0x000000000000e358       0x22 /usr/lib/gcc/msp430/4.6.3/mmpy-16/libgcc.a(_udivmod16.o)
                0x000000000000e358                __udivhi3
                0x000000000000e358                __ext_udivmod16
                0x000000000000e372                __umodhi3
 .text.libgcc   0x000000000000e37a       0x3a /usr/lib/gcc/msp430/4.6.3/mmpy-16/libgcc.a(_divmod16.o)
                0x000000000000e37a                __ext_divmod16
                0x000000000000e37a                __divhi3
                0x000000000000e3ac                __modhi3
 .text.libgcc   0x000000000000e3b4       0x40 /usr/lib/gcc/msp430/4.6.3/mmpy-16/libgcc.a(_udivmod32.o)
                0x000000000000e3b4                __udivsi3
                0x000000000000e3b4                __ext_udivmod32
                0x000000000000e3ea                __umodsi3
 .text.libgcc   0x000000000000e3f4       0x4c /usr/lib/gcc/msp430/4.6.3/mmpy-16/libgcc.a(_divmod32.o)
                0x000000000000e3f4                __ext_divmod32
                0x000000000000e3f4                __divsi3
                0x000000000000e436                __modsi3
 .text          0x000000000000e440       0x20 /usr/lib/gcc/msp430/4.6.3/../../../../msp430/lib/mmpy-16/libc.a(memcmp.o)
                0x000000000000e440                memcmp
 .text          0x000000000000e460       0xfa /usr/lib/gcc/msp430/4.6.3/../../../../msp430/lib/mmpy-16/libc.a(memcpy.o)
                0x000000000000e460                memcpy
 .text          0x000000000000e55a       0xfa /usr/lib/gcc/msp430/4.6.3/../../../../msp430/lib/mmpy-16/libc.a(memmove.o)
                0x000000000000e55a                memmove
 .text          0x000000000000e654       0x6a /usr/lib/gcc/msp430/4.6.3/../../../../msp430/lib/mmpy-16/libc.a(memset.o)
                0x000000000000e654                memset
 .text          0x000000000000e6be       0x1e /usr/lib/gcc/msp430/4.6.3/../../../../msp430/lib/mmpy-16/libc.a(printf.o)
                0x000000000000e6be                printf
                0x000000000000e6ce                vprintf
 .text          0x000000000000e6dc      0x836 /usr/lib/gcc/msp430/4.6.3/../../../../msp430/lib/mmpy-16/libc.a(vuprintf.o)
                0x000000000000e874                vuprintf
 .text          0x000000000000ef12       0x2c /usr/lib/gcc/msp430/4.6.3/../../../../msp430/lib/mmpy-16/libc.a(puts.o)
                0x000000000000ef12                puts
 .text          0x000000000000ef3e       0x54 /usr/lib/gcc/msp430/4.6.3/../../../../msp430/lib/mmpy-16/libc.a(rand.o)
                0x000000000000ef3e                rand_r
                0x000000000000ef62                rand
                0x000000000000ef88                srand
 .text.libgcc   0x000000000000ef92       0xf0 /usr/lib/gcc/msp430/4.6.3/mmpy-16/libgcc.a(_udivmod64.o)
                0x000000000000ef92                __xabi_udivmod64
                0x000000000000eff0                __udivdi3
                0x000000000000f016                __umoddi3
                0x000000000000f044                __udivmoddi4
 .text.crt0     0x000000000000f082        0x2 /usr/lib/gcc/msp430/4.6.3/mmpy-16/libcrt0.a(_unexpected_.o)
                0x000000000000f082                _unexpected_
                0x000000000000f084                . = ALIGN (0x2)

.rodata         0x000000000000f084      0x44e
                0x000000000000f084                . = ALIGN (0x2)
 *(.rodata .rodata.* .gnu.linkonce.r.*)
 .rodata        0x000000000000f084       0x1c app-rpl-collect-only.co
                0x000000000000f09c                autostart_processes
 .rodata        0x000000000000f0a0       0x51 obj_sky/orchestra.o
                0x000000000000f0a0                dl_slot_0
                0x000000000000f0a1                dl_fwd_nodes
                0x000000000000f0e1                src_dst_nodes
 .rodata        0x000000000000f0f1       0x12 obj_sky/contiki-sky-main.o
 *fill*         0x000000000000f103        0x1 00
 .rodata        0x000000000000f104       0xcc contiki-sky.a(deployment.o)
 .rodata        0x000000000000f1d0       0x10 contiki-sky.a(button-sensor.o)
                0x000000000000f1d8                button_sensor
 .rodata        0x000000000000f1e0       0x4c contiki-sky.a(cc2420.o)
                0x000000000000f1fc                cc2420_aes_128_driver
                0x000000000000f200                cc2420_driver
 .rodata        0x000000000000f22c       0x2f contiki-sky.a(watchdog.o)
 *fill*         0x000000000000f25b        0x1 00
 .rodata        0x000000000000f25c       0x24 contiki-sky.a(sicslowpan.o)
                0x000000000000f268                sicslowpan_driver
                0x000000000000f26e                llprefix
                0x000000000000f270                unc_mxconf
                0x000000000000f274                unc_ctxconf
                0x000000000000f278                unc_llconf
 .rodata        0x000000000000f280       0x16 contiki-sky.a(nordc.o)
                0x000000000000f286                nordc_driver
 .rodata        0x000000000000f296        0x8 contiki-sky.a(framer-802154.o)
                0x000000000000f296                framer_802154
 .rodata        0x000000000000f29e        0x2 contiki-sky.a(frame802154.o)
 .rodata        0x000000000000f2a0        0x8 contiki-sky.a(linkaddr.o)
                0x000000000000f2a0                linkaddr_null
 .rodata        0x000000000000f2a8      0x20e contiki-sky.a(tsch.o)
                0x000000000000f48a                tschmac_driver
                0x000000000000f498                CTC_SYNC_PERIOD
                0x000000000000f499                CTC_SYNC_MINCODE
                0x000000000000f49a                CTC_SYNC_CODES
                0x000000000000f49b                CTC_CODES
                0x000000000000f49c                DL_MAGIC
                0x000000000000f49e                FR_LEN
                0x000000000000f4a6                tsch_eb_address
                0x000000000000f4ae                tsch_broadcast_address
 .rodata        0x000000000000f4b6       0x14 contiki-sky.a(nullsec.o)
                0x000000000000f4be                nullsec_driver
 .rodata        0x000000000000f4ca        0x7 /usr/lib/gcc/msp430/4.6.3/../../../../msp430/lib/mmpy-16/libc.a(vuprintf.o)
                0x000000000000f4d2                . = ALIGN (0x2)
 *fill*         0x000000000000f4d1        0x1 00
                0x000000000000f4d2                _etext = .

.data           0x0000000000001100      0x10e load address 0x000000000000f4d2
                0x0000000000001100                . = ALIGN (0x2)
                0x0000000000001100                PROVIDE (__data_start, .)
 *(.data .data.* .gnu.linkonce.d.*)
 .data          0x0000000000001100        0x8 app-rpl-collect-only.co
                0x0000000000001100                unicast_sender_process
 .data          0x0000000000001108       0x10 obj_sky/orchestra.o
                0x0000000000001108                src_dst_flow
 .data          0x0000000000001118        0x2 contiki-sky.a(deployment.o)
                0x0000000000001118                node_index
 .data          0x000000000000111a        0x4 contiki-sky.a(contiki-sky-pla)
                0x000000000000111a                sensors
 .data          0x000000000000111e        0x8 contiki-sky.a(sensors.o)
                0x000000000000111e                sensors_process
 .data          0x0000000000001126        0xa contiki-sky.a(cc2420.o)
                0x0000000000001128                cc2420_process
 .data          0x0000000000001130        0x2 contiki-sky.a(msp430.o)
 .data          0x0000000000001132        0x8 contiki-sky.a(etimer.o)
                0x0000000000001132                etimer_process
 .data          0x000000000000113a        0x8 contiki-sky.a(ctimer.o)
                0x000000000000113a                ctimer_process
 .data          0x0000000000001142        0x8 contiki-sky.a(uip-ds6-route.o)
 .data          0x000000000000114a        0xa contiki-sky.a(uip-ds6-nbr.o)
                0x000000000000114a                ds6_neighbors
 .data          0x0000000000001154        0x8 contiki-sky.a(tcpip.o)
                0x0000000000001154                tcpip_process
 .data          0x000000000000115c        0x8 contiki-sky.a(simple-udp.o)
                0x000000000000115c                simple_udp_process
 .data          0x0000000000001164        0xa contiki-sky.a(rpl-dag.o)
                0x0000000000001164                rpl_parents
 .data          0x000000000000116e        0xe contiki-sky.a(rpl-of-etx-exp.)
                0x000000000000116e                rpl_of_etx_exp
 .data          0x000000000000117c       0x18 contiki-sky.a(queuebuf.o)
 .data          0x0000000000001194        0x8 contiki-sky.a(nbr-table.o)
 .data          0x000000000000119c       0x20 contiki-sky.a(tsch-schedule.o)
 .data          0x00000000000011bc       0x2c contiki-sky.a(tsch.o)
                0x00000000000011bc                tsch_pending_events_process
                0x00000000000011c4                tsch_process
                0x00000000000011cc                tsch_send_eb_process
                0x00000000000011d4                hopping_sequence_list
 .data          0x00000000000011e8        0xc contiki-sky.a(uip-icmp6.o)
 .data          0x00000000000011f4        0x6 contiki-sky.a(rpl-icmp6.o)
 .data          0x00000000000011fa       0x10 contiki-sky.a(tsch-queue.o)
 .data          0x000000000000120a        0x4 /usr/lib/gcc/msp430/4.6.3/../../../../msp430/lib/mmpy-16/libc.a(rand.o)
                0x000000000000120e                . = ALIGN (0x2)
                0x000000000000120e                _edata = .
                0x000000000000f4d2                PROVIDE (__data_load_start, LOADADDR (.data))
                0x000000000000010e                PROVIDE (__data_size, SIZEOF (.data))

.bss            0x000000000000120e     0x215a load address 0x000000000000f5e0
                0x000000000000120e                PROVIDE (__bss_start, .)
 *(.bss .bss.*)
 .bss           0x000000000000120e       0x3c app-rpl-collect-only.co
 .bss           0x000000000000124a        0x2 obj_sky/node-id.o
                0x000000000000124a                node_id
 .bss           0x000000000000124c      0x144 obj_sky/orchestra.o
                0x000000000000124c                dl_slot_tx
                0x0000000000001254                dl_slot_rx
                0x0000000000001256                dl_fwdflow_bitmap
                0x000000000000125a                dl_flow_child
                0x0000000000001262                dl_parent
 .bss           0x0000000000001390        0x4 obj_sky/contiki-sky-main.o
 .bss           0x0000000000001394       0x10 contiki-sky.a(deployment.o)
 .bss           0x00000000000013a4        0x8 contiki-sky.a(button-sensor.o)
 .bss           0x00000000000013ac        0x6 contiki-sky.a(sensors.o)
 .bss           0x00000000000013b2        0x8 contiki-sky.a(cc2420.o)
 .bss           0x00000000000013ba       0x9a contiki-sky.a(uart1.o)
 .bss           0x0000000000001454        0xa contiki-sky.a(clock.o)
 .bss           0x000000000000145e        0x1 contiki-sky.a(leds.o)
 *fill*         0x000000000000145f        0x1 00
 .bss           0x0000000000001460        0x6 contiki-sky.a(watchdog.o)
 .bss           0x0000000000001466        0x6 contiki-sky.a(etimer.o)
 .bss           0x000000000000146c        0x4 contiki-sky.a(ctimer.o)
 .bss           0x0000000000001470       0x42 contiki-sky.a(process.o)
                0x0000000000001470                process_current
                0x0000000000001472                process_list
 .bss           0x00000000000014b2        0x2 contiki-sky.a(rtimer.o)
 .bss           0x00000000000014b4       0x18 contiki-sky.a(uip-ds6.o)
 .bss           0x00000000000014cc       0x3e contiki-sky.a(uip-ds6-route.o)
 .bss           0x000000000000150a        0xa contiki-sky.a(uip6.o)
                0x000000000000150a                uip_ext_opt_offset
                0x000000000000150c                uip_ext_len
                0x000000000000150e                uip_ext_bitmap
 .bss           0x0000000000001514      0x318 contiki-sky.a(uip-ds6-nbr.o)
 .bss           0x000000000000182c       0x24 contiki-sky.a(sicslowpan.o)
 .bss           0x0000000000001850        0xe contiki-sky.a(tcpip.o)
 .bss           0x000000000000185e       0xa2 contiki-sky.a(simple-udp.o)
 .bss           0x0000000000001900      0x134 contiki-sky.a(rpl-dag.o)
 .bss           0x0000000000001a34       0x18 contiki-sky.a(rpl-timers.o)
 .bss           0x0000000000001a4c        0x2 contiki-sky.a(framer-802154.o)
 .bss           0x0000000000001a4e      0xa8e contiki-sky.a(queuebuf.o)
 .bss           0x00000000000024dc      0x132 contiki-sky.a(nbr-table.o)
 .bss           0x000000000000260e       0xb8 contiki-sky.a(packetbuf.o)
 .bss           0x00000000000026c6      0x362 contiki-sky.a(tsch-schedule.o)
 .bss           0x0000000000002a28      0x1de contiki-sky.a(tsch.o)
                0x0000000000002a28                active_slots
                0x0000000000002a2c                flow_pending_seq
                0x0000000000002a3c                dlpkt
                0x0000000000002a42                associated
                0x0000000000002a44                tsch_is_coordinator
 .bss           0x0000000000002c06       0x14 contiki-sky.a(uip-icmp6.o)
 .bss           0x0000000000002c1a      0x1e4 contiki-sky.a(tsch-queue.o)
 *(COMMON)
 COMMON         0x0000000000002dfe        0x2 contiki-sky.a(contiki-sky-pla)
                0x0000000000002dfe                sensors_flags
 COMMON         0x0000000000002e00        0x8 contiki-sky.a(ds2411.o)
                0x0000000000002e00                ds2411_id
 COMMON         0x0000000000002e08        0x1 contiki-sky.a(sensors.o)
                0x0000000000002e08                sensors_event
 *fill*         0x0000000000002e09        0x1 00
 COMMON         0x0000000000002e0a       0x10 contiki-sky.a(cc2420.o)
                0x0000000000002e0a                cc2420_last_rssi
                0x0000000000002e0c                cc2420_sfd_start_time
                0x0000000000002e0e                cc2420_time_of_departure
                0x0000000000002e10                cc2420_time_of_arrival
                0x0000000000002e12                cc2420_last_correlation
                0x0000000000002e13                radio_last_correlation
                0x0000000000002e14                cc2420_authority_level_of_sender
                0x0000000000002e16                radio_last_rssi
                0x0000000000002e17                cc2420_sfd_counter
                0x0000000000002e18                cc2420_sfd_end_time
 COMMON         0x0000000000002e1a        0x2 contiki-sky.a(msp430.o)
                0x0000000000002e1a                msp430_dco_required
 COMMON         0x0000000000002e1c       0x56 contiki-sky.a(energest.o)
                0x0000000000002e1c                energest_total_time
                0x0000000000002e4c                energest_total_count
                0x0000000000002e4e                energest_current_mode
                0x0000000000002e5a                energest_current_time
 COMMON         0x0000000000002e72        0x1 contiki-sky.a(process.o)
                0x0000000000002e72                process_maxevents
 *fill*         0x0000000000002e73        0x1 00
 COMMON         0x0000000000002e74      0x12c contiki-sky.a(uip-ds6.o)
                0x0000000000002e74                uip_ds6_timer_ra
                0x0000000000002e7c                uip_ds6_if
                0x0000000000002f38                uip_ds6_netif_addr_list_offset